Archive member included to satisfy reference by file (symbol)

d:/stm32cube-ide/stm32cubeide_1.6.1/stm32cubeide/plugins/com.st.stm32cube.ide.mcu.externaltools.gnu-tools-for-stm32.9-2020-q2-update.win32_1.5.0.202011040924/tools/bin/../lib/gcc/arm-none-eabi/9.3.1/../../../../arm-none-eabi/lib/thumb/v7e-m+fp/hard\libc_nano.a(lib_a-errno.o)
                              Core/Src/syscalls.o (__errno)
d:/stm32cube-ide/stm32cubeide_1.6.1/stm32cubeide/plugins/com.st.stm32cube.ide.mcu.externaltools.gnu-tools-for-stm32.9-2020-q2-update.win32_1.5.0.202011040924/tools/bin/../lib/gcc/arm-none-eabi/9.3.1/../../../../arm-none-eabi/lib/thumb/v7e-m+fp/hard\libc_nano.a(lib_a-exit.o)
                              d:/stm32cube-ide/stm32cubeide_1.6.1/stm32cubeide/plugins/com.st.stm32cube.ide.mcu.externaltools.gnu-tools-for-stm32.9-2020-q2-update.win32_1.5.0.202011040924/tools/bin/../lib/gcc/arm-none-eabi/9.3.1/../../../../arm-none-eabi/lib/thumb/v7e-m+fp/hard/crt0.o (exit)
d:/stm32cube-ide/stm32cubeide_1.6.1/stm32cubeide/plugins/com.st.stm32cube.ide.mcu.externaltools.gnu-tools-for-stm32.9-2020-q2-update.win32_1.5.0.202011040924/tools/bin/../lib/gcc/arm-none-eabi/9.3.1/../../../../arm-none-eabi/lib/thumb/v7e-m+fp/hard\libc_nano.a(lib_a-impure.o)
                              d:/stm32cube-ide/stm32cubeide_1.6.1/stm32cubeide/plugins/com.st.stm32cube.ide.mcu.externaltools.gnu-tools-for-stm32.9-2020-q2-update.win32_1.5.0.202011040924/tools/bin/../lib/gcc/arm-none-eabi/9.3.1/../../../../arm-none-eabi/lib/thumb/v7e-m+fp/hard\libc_nano.a(lib_a-exit.o) (_global_impure_ptr)
d:/stm32cube-ide/stm32cubeide_1.6.1/stm32cubeide/plugins/com.st.stm32cube.ide.mcu.externaltools.gnu-tools-for-stm32.9-2020-q2-update.win32_1.5.0.202011040924/tools/bin/../lib/gcc/arm-none-eabi/9.3.1/../../../../arm-none-eabi/lib/thumb/v7e-m+fp/hard\libc_nano.a(lib_a-init.o)
                              d:/stm32cube-ide/stm32cubeide_1.6.1/stm32cubeide/plugins/com.st.stm32cube.ide.mcu.externaltools.gnu-tools-for-stm32.9-2020-q2-update.win32_1.5.0.202011040924/tools/bin/../lib/gcc/arm-none-eabi/9.3.1/../../../../arm-none-eabi/lib/thumb/v7e-m+fp/hard/crt0.o (__libc_init_array)
d:/stm32cube-ide/stm32cubeide_1.6.1/stm32cubeide/plugins/com.st.stm32cube.ide.mcu.externaltools.gnu-tools-for-stm32.9-2020-q2-update.win32_1.5.0.202011040924/tools/bin/../lib/gcc/arm-none-eabi/9.3.1/../../../../arm-none-eabi/lib/thumb/v7e-m+fp/hard\libc_nano.a(lib_a-memset.o)
                              d:/stm32cube-ide/stm32cubeide_1.6.1/stm32cubeide/plugins/com.st.stm32cube.ide.mcu.externaltools.gnu-tools-for-stm32.9-2020-q2-update.win32_1.5.0.202011040924/tools/bin/../lib/gcc/arm-none-eabi/9.3.1/../../../../arm-none-eabi/lib/thumb/v7e-m+fp/hard/crt0.o (memset)
d:/stm32cube-ide/stm32cubeide_1.6.1/stm32cubeide/plugins/com.st.stm32cube.ide.mcu.externaltools.gnu-tools-for-stm32.9-2020-q2-update.win32_1.5.0.202011040924/tools/bin/../lib/gcc/arm-none-eabi/9.3.1/../../../../arm-none-eabi/lib/thumb/v7e-m+fp/hard\libc_nano.a(lib_a-sprintf.o)
                              Core/bsp_hmi/hmi.o (sprintf)
d:/stm32cube-ide/stm32cubeide_1.6.1/stm32cubeide/plugins/com.st.stm32cube.ide.mcu.externaltools.gnu-tools-for-stm32.9-2020-q2-update.win32_1.5.0.202011040924/tools/bin/../lib/gcc/arm-none-eabi/9.3.1/../../../../arm-none-eabi/lib/thumb/v7e-m+fp/hard\libc_nano.a(lib_a-vsprintf.o)
                              Core/bsp_hmi/hmi.o (vsprintf)
d:/stm32cube-ide/stm32cubeide_1.6.1/stm32cubeide/plugins/com.st.stm32cube.ide.mcu.externaltools.gnu-tools-for-stm32.9-2020-q2-update.win32_1.5.0.202011040924/tools/bin/../lib/gcc/arm-none-eabi/9.3.1/../../../../arm-none-eabi/lib/thumb/v7e-m+fp/hard\libc_nano.a(lib_a-nano-svfprintf.o)
                              d:/stm32cube-ide/stm32cubeide_1.6.1/stm32cubeide/plugins/com.st.stm32cube.ide.mcu.externaltools.gnu-tools-for-stm32.9-2020-q2-update.win32_1.5.0.202011040924/tools/bin/../lib/gcc/arm-none-eabi/9.3.1/../../../../arm-none-eabi/lib/thumb/v7e-m+fp/hard\libc_nano.a(lib_a-sprintf.o) (_svfprintf_r)
d:/stm32cube-ide/stm32cubeide_1.6.1/stm32cubeide/plugins/com.st.stm32cube.ide.mcu.externaltools.gnu-tools-for-stm32.9-2020-q2-update.win32_1.5.0.202011040924/tools/bin/../lib/gcc/arm-none-eabi/9.3.1/../../../../arm-none-eabi/lib/thumb/v7e-m+fp/hard\libc_nano.a(lib_a-nano-vfprintf_i.o)
                              d:/stm32cube-ide/stm32cubeide_1.6.1/stm32cubeide/plugins/com.st.stm32cube.ide.mcu.externaltools.gnu-tools-for-stm32.9-2020-q2-update.win32_1.5.0.202011040924/tools/bin/../lib/gcc/arm-none-eabi/9.3.1/../../../../arm-none-eabi/lib/thumb/v7e-m+fp/hard\libc_nano.a(lib_a-nano-svfprintf.o) (_printf_i)
d:/stm32cube-ide/stm32cubeide_1.6.1/stm32cubeide/plugins/com.st.stm32cube.ide.mcu.externaltools.gnu-tools-for-stm32.9-2020-q2-update.win32_1.5.0.202011040924/tools/bin/../lib/gcc/arm-none-eabi/9.3.1/../../../../arm-none-eabi/lib/thumb/v7e-m+fp/hard\libc_nano.a(lib_a-memchr.o)
[...]
Memory Configuration

Name             Origin             Length             Attributes
CCMRAM           0x0000000010000000 0x0000000000010000 xrw
RAM              0x0000000020000000 0x0000000000020000 xrw
FLASH            0x0000000008000000 0x0000000000100000 xr
*default*        0x0000000000000000 0xffffffffffffffff

Linker script and memory map

LOAD d:/stm32cube-ide/stm32cubeide_1.6.1/stm32cubeide/plugins/com.st.stm32cube.ide.mcu.externaltools.gnu-tools-for-stm32.9-2020-q2-update.win32_1.5.0.202011040924/tools/bin/../lib/gcc/arm-none-eabi/9.3.1/thumb/v7e-m+fp/hard/crti.o
LOAD d:/stm32cube-ide/stm32cubeide_1.6.1/stm32cubeide/plugins/com.st.stm32cube.ide.mcu.externaltools.gnu-tools-for-stm32.9-2020-q2-update.win32_1.5.0.202011040924/tools/bin/../lib/gcc/arm-none-eabi/9.3.1/thumb/v7e-m+fp/hard/crtbegin.o
LOAD d:/stm32cube-ide/stm32cubeide_1.6.1/stm32cubeide/plugins/com.st.stm32cube.ide.mcu.externaltools.gnu-tools-for-stm32.9-2020-q2-update.win32_1.5.0.202011040924/tools/bin/../lib/gcc/arm-none-eabi/9.3.1/../../../../arm-none-eabi/lib/thumb/v7e-m+fp/hard/crt0.o
LOAD Core/Src/adc.o
LOAD Core/Src/dma.o
LOAD Core/Src/gpio.o
LOAD Core/Src/main.o
LOAD Core/Src/stm32f4xx_hal_msp.o
LOAD Core/Src/stm32f4xx_it.o
LOAD Core/Src/syscalls.o
LOAD Core/Src/sysmem.o
LOAD Core/Src/system_stm32f4xx.o
LOAD Core/Src/tim.o
LOAD Core/Src/usart.o
LOAD Core/Startup/startup_stm32f407vgtx.o
LOAD Core/bsp_ad9833/ad9833.o
LOAD Core/bsp_hmi/hmi.o
LOAD Drivers/STM32F4xx_HAL_Driver/Src/stm32f4xx_hal.o
LOAD Drivers/STM32F4xx_HAL_Driver/Src/stm32f4xx_hal_adc.o
LOAD Drivers/STM32F4xx_HAL_Driver/Src/stm32f4xx_hal_adc_ex.o
LOAD Drivers/STM32F4xx_HAL_Driver/Src/stm32f4xx_hal_cortex.o
LOAD Drivers/STM32F4xx_HAL_Driver/Src/stm32f4xx_hal_dma.o
LOAD Drivers/STM32F4xx_HAL_Driver/Src/stm32f4xx_hal_dma_ex.o
LOAD Drivers/STM32F4xx_HAL_Driver/Src/stm32f4xx_hal_exti.o
LOAD Drivers/STM32F4xx_HAL_Driver/Src/stm32f4xx_hal_flash.o
LOAD Drivers/STM32F4xx_HAL_Driver/Src/stm32f4xx_hal_flash_ex.o
LOAD Drivers/STM32F4xx_HAL_Driver/Src/stm32f4xx_hal_flash_ramfunc.o
LOAD Drivers/STM32F4xx_HAL_Driver/Src/stm32f4xx_hal_gpio.o
LOAD Drivers/STM32F4xx_HAL_Driver/Src/stm32f4xx_hal_pwr.o
LOAD Drivers/STM32F4xx_HAL_Driver/Src/stm32f4xx_hal_pwr_ex.o
LOAD Drivers/STM32F4xx_HAL_Driver/Src/stm32f4xx_hal_rcc.o
LOAD Drivers/STM32F4xx_HAL_Driver/Src/stm32f4xx_hal_rcc_ex.o
LOAD Drivers/STM32F4xx_HAL_Driver/Src/stm32f4xx_hal_tim.o
LOAD Drivers/STM32F4xx_HAL_Driver/Src/stm32f4xx_hal_tim_ex.o
LOAD Drivers/STM32F4xx_HAL_Driver/Src/stm32f4xx_hal_uart.o
LOAD Drivers/STM32F4xx_HAL_Driver/Src/stm32f4xx_ll_adc.o
START GROUP
LOAD d:/stm32cube-ide/stm32cubeide_1.6.1/stm32cubeide/plugins/com.st.stm32cube.ide.mcu.externaltools.gnu-tools-for-stm32.9-2020-q2-update.win32_1.5.0.202011040924/tools/bin/../lib/gcc/arm-none-eabi/9.3.1/../../../../arm-none-eabi/lib/thumb/v7e-m+fp/hard\libc_nano.a
LOAD d:/stm32cube-ide/stm32cubeide_1.6.1/stm32cubeide/plugins/com.st.stm32cube.ide.mcu.externaltools.gnu-tools-for-stm32.9-2020-q2-update.win32_1.5.0.202011040924/tools/bin/../lib/gcc/arm-none-eabi/9.3.1/../../../../arm-none-eabi/lib/thumb/v7e-m+fp/hard\libm.a
END GROUP
START GROUP
LOAD d:/stm32cube-ide/stm32cubeide_1.6.1/stm32cubeide/plugins/com.st.stm32cube.ide.mcu.externaltools.gnu-tools-for-stm32.9-2020-q2-update.win32_1.5.0.202011040924/tools/bin/../lib/gcc/arm-none-eabi/9.3.1/thumb/v7e-m+fp/hard\libgcc.a
LOAD d:/stm32cube-ide/stm32cubeide_1.6.1/stm32cubeide/plugins/com.st.stm32cube.ide.mcu.externaltools.gnu-tools-for-stm32.9-2020-q2-update.win32_1.5.0.202011040924/tools/bin/../lib/gcc/arm-none-eabi/9.3.1/../../../../arm-none-eabi/lib/thumb/v7e-m+fp/hard\libc_nano.a
END GROUP
START GROUP
LOAD d:/stm32cube-ide/stm32cubeide_1.6.1/stm32cubeide/plugins/com.st.stm32cube.ide.mcu.externaltools.gnu-tools-for-stm32.9-2020-q2-update.win32_1.5.0.202011040924/tools/bin/../lib/gcc/arm-none-eabi/9.3.1/thumb/v7e-m+fp/hard\libgcc.a
LOAD d:/stm32cube-ide/stm32cubeide_1.6.1/stm32cubeide/plugins/com.st.stm32cube.ide.mcu.externaltools.gnu-tools-for-stm32.9-2020-q2-update.win32_1.5.0.202011040924/tools/bin/../lib/gcc/arm-none-eabi/9.3.1/../../../../arm-none-eabi/lib/thumb/v7e-m+fp/hard\libc_nano.a
LOAD d:/stm32cube-ide/stm32cubeide_1.6.1/stm32cubeide/plugins/com.st.stm32cube.ide.mcu.externaltools.gnu-tools-for-stm32.9-2020-q2-update.win32_1.5.0.202011040924/tools/bin/../lib/gcc/arm-none-eabi/9.3.1/../../../../arm-none-eabi/lib/thumb/v7e-m+fp/hard\libnosys.a
END GROUP
START GROUP
LOAD d:/stm32cube-ide/stm32cubeide_1.6.1/stm32cubeide/plugins/com.st.stm32cube.ide.mcu.externaltools.gnu-tools-for-stm32.9-2020-q2-update.win32_1.5.0.202011040924/tools/bin/../lib/gcc/arm-none-eabi/9.3.1/thumb/v7e-m+fp/hard\libgcc.a
LOAD d:/stm32cube-ide/stm32cubeide_1.6.1/stm32cubeide/plugins/com.st.stm32cube.ide.mcu.externaltools.gnu-tools-for-stm32.9-2020-q2-update.win32_1.5.0.202011040924/tools/bin/../lib/gcc/arm-none-eabi/9.3.1/../../../../arm-none-eabi/lib/thumb/v7e-m+fp/hard\libc_nano.a
LOAD d:/stm32cube-ide/stm32cubeide_1.6.1/stm32cubeide/plugins/com.st.stm32cube.ide.mcu.externaltools.gnu-tools-for-stm32.9-2020-q2-update.win32_1.5.0.202011040924/tools/bin/../lib/gcc/arm-none-eabi/9.3.1/../../../../arm-none-eabi/lib/thumb/v7e-m+fp/hard\libnosys.a
END GROUP
LOAD d:/stm32cube-ide/stm32cubeide_1.6.1/stm32cubeide/plugins/com.st.stm32cube.ide.mcu.externaltools.gnu-tools-for-stm32.9-2020-q2-update.win32_1.5.0.202011040924/tools/bin/../lib/gcc/arm-none-eabi/9.3.1/thumb/v7e-m+fp/hard/crtend.o
LOAD d:/stm32cube-ide/stm32cubeide_1.6.1/stm32cubeide/plugins/com.st.stm32cube.ide.mcu.externaltools.gnu-tools-for-stm32.9-2020-q2-update.win32_1.5.0.202011040924/tools/bin/../lib/gcc/arm-none-eabi/9.3.1/thumb/v7e-m+fp/hard/crtn.o
                0x0000000020020000                _estack = (ORIGIN (RAM) + LENGTH (RAM))
                0x0000000000000200                _Min_Heap_Size = 0x200
                0x0000000000000400                _Min_Stack_Size = 0x400

.isr_vector     0x0000000008000000      0x188
                0x0000000008000000                . = ALIGN (0x4)
 *(.isr_vector)
 .isr_vector    0x0000000008000000      0x188 Core/Startup/startup_stm32f407vgtx.o
                0x0000000008000000                g_pfnVectors
                0x0000000008000188                . = ALIGN (0x4)

.text           0x0000000008000190     0x6848
                0x0000000008000190                . = ALIGN (0x4)
 *(.text)
 .text          0x0000000008000190       0x40 d:/stm32cube-ide/stm32cubeide_1.6.1/stm32cubeide/plugins/com.st.stm32cube.ide.mcu.externaltools.gnu-tools-for-stm32.9-2020-q2-update.win32_1.5.0.202011040924/tools/bin/../lib/gcc/arm-none-eabi/9.3.1/thumb/v7e-m+fp/hard/crtbegin.o
 .text          0x00000000080001d0       0xa0 d:/stm32cube-ide/stm32cubeide_1.6.1/stm32cubeide/plugins/com.st.stm32cube.ide.mcu.externaltools.gnu-tools-for-stm32.9-2020-q2-update.win32_1.5.0.202011040924/tools/bin/../lib/gcc/arm-none-eabi/9.3.1/../../../../arm-none-eabi/lib/thumb/v7e-m+fp/hard\libc_nano.a(lib_a-memchr.o)
                0x00000000080001d0                memchr
 .text          0x0000000008000270      0x378 d:/stm32cube-ide/stm32cubeide_1.6.1/stm32cubeide/plugins/com.st.stm32cube.ide.mcu.externaltools.gnu-tools-for-stm32.9-2020-q2-update.win32_1.5.0.202011040924/tools/bin/../lib/gcc/arm-none-eabi/9.3.1/thumb/v7e-m+fp/hard\libgcc.a(_arm_addsubdf3.o)
                0x0000000008000270                __aeabi_drsub
                0x0000000008000278                __aeabi_dsub
                0x0000000008000278                __subdf3
                0x000000000800027c                __aeabi_dadd
                0x000000000800027c                __adddf3
                0x00000000080004f4                __floatunsidf
                0x00000000080004f4                __aeabi_ui2d
                0x0000000008000514                __floatsidf
                0x0000000008000514                __aeabi_i2d
                0x0000000008000538                __aeabi_f2d
                0x0000000008000538                __extendsfdf2
                0x000000000800057c                __floatundidf
                0x000000000800057c                __aeabi_ul2d
                0x000000000800058c                __floatdidf
                0x000000000800058c                __aeabi_l2d
 .text          0x00000000080005e8      0x424 d:/stm32cube-ide/stm32cubeide_1.6.1/stm32cubeide/plugins/com.st.stm32cube.ide.mcu.externaltools.gnu-tools-for-stm32.9-2020-q2-update.win32_1.5.0.202011040924/tools/bin/../lib/gcc/arm-none-eabi/9.3.1/thumb/v7e-m+fp/hard\libgcc.a(_arm_muldivdf3.o)
                0x00000000080005e8                __aeabi_dmul
                0x00000000080005e8                __muldf3
                0x000000000800083c                __divdf3
                0x000000000800083c                __aeabi_ddiv
 .text          0x0000000008000a0c      0x110 d:/stm32cube-ide/stm32cubeide_1.6.1/stm32cubeide/plugins/com.st.stm32cube.ide.mcu.externaltools.gnu-tools-for-stm32.9-2020-q2-update.win32_1.5.0.202011040924/tools/bin/../lib/gcc/arm-none-eabi/9.3.1/thumb/v7e-m+fp/hard\libgcc.a(_arm_cmpdf2.o)
                0x0000000008000a0c                __gtdf2
                0x0000000008000a0c                __gedf2
                0x0000000008000a14                __ltdf2
                0x0000000008000a14                __ledf2
                0x0000000008000a1c                __nedf2
                0x0000000008000a1c                __eqdf2
                0x0000000008000a1c                __cmpdf2
                0x0000000008000a98                __aeabi_cdrcmple
                0x0000000008000aa8                __aeabi_cdcmpeq
                0x0000000008000aa8                __aeabi_cdcmple
                0x0000000008000ab8                __aeabi_dcmpeq
                0x0000000008000acc                __aeabi_dcmplt
                0x0000000008000ae0                __aeabi_dcmple
                0x0000000008000af4                __aeabi_dcmpge
                0x0000000008000b08                __aeabi_dcmpgt
 .text          0x0000000008000b1c       0x50 d:/stm32cube-ide/stm32cubeide_1.6.1/stm32cubeide/plugins/com.st.stm32cube.ide.mcu.externaltools.gnu-tools-for-stm32.9-2020-q2-update.win32_1.5.0.202011040924/tools/bin/../lib/gcc/arm-none-eabi/9.3.1/thumb/v7e-m+fp/hard\libgcc.a(_arm_fixdfsi.o)
                0x0000000008000b1c                __aeabi_d2iz
                0x0000000008000b1c                __fixdfsi
 .text          0x0000000008000b6c       0x30 d:/stm32cube-ide/stm32cubeide_1.6.1/stm32cubeide/plugins/com.st.stm32cube.ide.mcu.externaltools.gnu-tools-for-stm32.9-2020-q2-update.win32_1.5.0.202011040924/tools/bin/../lib/gcc/arm-none-eabi/9.3.1/thumb/v7e-m+fp/hard\libgcc.a(_aeabi_uldivmod.o)
                0x0000000008000b6c                __aeabi_uldivmod
 .text          0x0000000008000b9c      0x2c4 d:/stm32cube-ide/stm32cubeide_1.6.1/stm32cubeide/plugins/com.st.stm32cube.ide.mcu.externaltools.gnu-tools-for-stm32.9-2020-q2-update.win32_1.5.0.202011040924/tools/bin/../lib/gcc/arm-none-eabi/9.3.1/thumb/v7e-m+fp/hard\libgcc.a(_udivmoddi4.o)
                0x0000000008000b9c                __udivmoddi4
 .text          0x0000000008000e60        0x4 d:/stm32cube-ide/stm32cubeide_1.6.1/stm32cubeide/plugins/com.st.stm32cube.ide.mcu.externaltools.gnu-tools-for-stm32.9-2020-q2-update.win32_1.5.0.202011040924/tools/bin/../lib/gcc/arm-none-eabi/9.3.1/thumb/v7e-m+fp/hard\libgcc.a(_dvmd_tls.o)
                0x0000000008000e60                __aeabi_idiv0
                0x0000000008000e60                __aeabi_ldiv0
 *(.text*)
 .text.MX_ADC1_Init
                0x0000000008000e64       0xa4 Core/Src/adc.o
                0x0000000008000e64                MX_ADC1_Init
 .text.MX_ADC2_Init
                0x0000000008000f08       0xa4 Core/Src/adc.o
                0x0000000008000f08                MX_ADC2_Init
 .text.MX_ADC3_Init
                0x0000000008000fac       0xa4 Core/Src/adc.o
                0x0000000008000fac                MX_ADC3_Init
 .text.HAL_ADC_MspInit
                0x0000000008001050      0x280 Core/Src/adc.o
                0x0000000008001050                HAL_ADC_MspInit
 .text.MX_DMA_Init
                0x00000000080012d0       0x60 Core/Src/dma.o
                0x00000000080012d0                MX_DMA_Init
 .text.MX_GPIO_Init
                0x0000000008001330      0x134 Core/Src/gpio.o
                0x0000000008001330                MX_GPIO_Init
 .text.get_vpp  0x0000000008001464      0x430 Core/Src/main.o
                0x0000000008001464                get_vpp
 .text.HAL_ADC_ConvCpltCallback
                0x0000000008001894       0x20 Core/Src/main.o
                0x0000000008001894                HAL_ADC_ConvCpltCallback
 .text.init_adc_val
                0x00000000080018b4       0x8c Core/Src/main.o
                0x00000000080018b4                init_adc_val
 .text.getTrueADCResult
                0x0000000008001940       0xc4 Core/Src/main.o
                0x0000000008001940                getTrueADCResult
 .text.getRinAndRoutAndGainResult
                0x0000000008001a04       0xac Core/Src/main.o
                0x0000000008001a04                getRinAndRoutAndGainResult
 .text.getDetectNeed
                0x0000000008001ab0       0xd8 Core/Src/main.o
                0x0000000008001ab0                getDetectNeed
 .text.getScanNeed
                0x0000000008001b88       0x74 Core/Src/main.o
                0x0000000008001b88                getScanNeed
 .text.averageDetet
                0x0000000008001bfc       0x64 Core/Src/main.o
                0x0000000008001bfc                averageDetet
 .text.checkError
                0x0000000008001c60      0x248 Core/Src/main.o
                0x0000000008001c60                checkError
 .text.getvalue
                0x0000000008001ea8      0x224 Core/Src/main.o
                0x0000000008001ea8                getvalue
 *fill*         0x00000000080020cc        0x4 
 .text.ScanFreq
                0x00000000080020d0      0x360 Core/Src/main.o
                0x00000000080020d0                ScanFreq
 .text.HAL_UART_RxCpltCallback
                0x0000000008002430       0x5c Core/Src/main.o
                0x0000000008002430                HAL_UART_RxCpltCallback
 .text.main     0x000000000800248c       0x90 Core/Src/main.o
                0x000000000800248c                main
 .text.SystemClock_Config
                0x000000000800251c       0xd4 Core/Src/main.o
                0x000000000800251c                SystemClock_Config
 .text.Error_Handler
                0x00000000080025f0        0xa Core/Src/main.o
                0x00000000080025f0                Error_Handler
 *fill*         0x00000000080025fa        0x2 
 .text.HAL_MspInit
                0x00000000080025fc       0x50 Core/Src/stm32f4xx_hal_msp.o
                0x00000000080025fc                HAL_MspInit
 .text.NMI_Handler
                0x000000000800264c        0x6 Core/Src/stm32f4xx_it.o
                0x000000000800264c                NMI_Handler
 .text.HardFault_Handler
                0x0000000008002652        0x6 Core/Src/stm32f4xx_it.o
                0x0000000008002652                HardFault_Handler
 .text.MemManage_Handler
                0x0000000008002658        0x6 Core/Src/stm32f4xx_it.o
                0x0000000008002658                MemManage_Handler
 .text.BusFault_Handler
                0x000000000800265e        0x6 Core/Src/stm32f4xx_it.o
                0x000000000800265e                BusFault_Handler
 .text.UsageFault_Handler
                0x0000000008002664        0x6 Core/Src/stm32f4xx_it.o
                0x0000000008002664                UsageFault_Handler
 .text.SVC_Handler
                0x000000000800266a        0xe Core/Src/stm32f4xx_it.o
                0x000000000800266a                SVC_Handler
 .text.DebugMon_Handler
                0x0000000008002678        0xe Core/Src/stm32f4xx_it.o
                0x0000000008002678                DebugMon_Handler
 .text.PendSV_Handler
                0x0000000008002686        0xe Core/Src/stm32f4xx_it.o
                0x0000000008002686                PendSV_Handler
 .text.SysTick_Handler
                0x0000000008002694        0xc Core/Src/stm32f4xx_it.o
                0x0000000008002694                SysTick_Handler
 .text.USART2_IRQHandler
                0x00000000080026a0       0x14 Core/Src/stm32f4xx_it.o
                0x00000000080026a0                USART2_IRQHandler
 .text.DMA2_Stream0_IRQHandler
                0x00000000080026b4       0x14 Core/Src/stm32f4xx_it.o
                0x00000000080026b4                DMA2_Stream0_IRQHandler
 .text.DMA2_Stream1_IRQHandler
                0x00000000080026c8       0x14 Core/Src/stm32f4xx_it.o
                0x00000000080026c8                DMA2_Stream1_IRQHandler
 .text.DMA2_Stream2_IRQHandler
                0x00000000080026dc       0x14 Core/Src/stm32f4xx_it.o
                0x00000000080026dc                DMA2_Stream2_IRQHandler
 .text._sbrk    0x00000000080026f0       0x6c Core/Src/sysmem.o
                0x00000000080026f0                _sbrk
 .text.SystemInit
                0x000000000800275c       0x24 Core/Src/system_stm32f4xx.o
                0x000000000800275c                SystemInit
 .text.MX_TIM2_Init
                0x0000000008002780       0x98 Core/Src/tim.o
                0x0000000008002780                MX_TIM2_Init
 .text.HAL_TIM_Base_MspInit
                0x0000000008002818       0x40 Core/Src/tim.o
                0x0000000008002818                HAL_TIM_Base_MspInit
 .text.MX_USART1_UART_Init
                0x0000000008002858       0x54 Core/Src/usart.o
                0x0000000008002858                MX_USART1_UART_Init
 .text.MX_USART2_UART_Init
                0x00000000080028ac       0x54 Core/Src/usart.o
                0x00000000080028ac                MX_USART2_UART_Init
 .text.HAL_UART_MspInit
                0x0000000008002900      0x10c Core/Src/usart.o
                0x0000000008002900                HAL_UART_MspInit
 .text.Reset_Handler
                0x0000000008002a0c       0x50 Core/Startup/startup_stm32f407vgtx.o
                0x0000000008002a0c                Reset_Handler
 .text.Default_Handler
                0x0000000008002a5c        0x2 Core/Startup/startup_stm32f407vgtx.o
                0x0000000008002a5c                RTC_Alarm_IRQHandler
                0x0000000008002a5c                HASH_RNG_IRQHandler
                0x0000000008002a5c                EXTI2_IRQHandler
                0x0000000008002a5c                TIM8_CC_IRQHandler
                0x0000000008002a5c                TIM1_CC_IRQHandler
                0x0000000008002a5c                DMA2_Stream5_IRQHandler
                0x0000000008002a5c                DMA1_Stream5_IRQHandler
                0x0000000008002a5c                PVD_IRQHandler
                0x0000000008002a5c                SDIO_IRQHandler
                0x0000000008002a5c                TAMP_STAMP_IRQHandler
                0x0000000008002a5c                CAN2_RX1_IRQHandler
                0x0000000008002a5c                EXTI3_IRQHandler
                0x0000000008002a5c                TIM8_TRG_COM_TIM14_IRQHandler
                0x0000000008002a5c                TIM1_UP_TIM10_IRQHandler
                0x0000000008002a5c                TIM8_UP_TIM13_IRQHandler
                0x0000000008002a5c                I2C3_ER_IRQHandler
                0x0000000008002a5c                EXTI0_IRQHandler
                0x0000000008002a5c                I2C2_EV_IRQHandler
                0x0000000008002a5c                DMA1_Stream2_IRQHandler
                0x0000000008002a5c                CAN1_RX0_IRQHandler
                0x0000000008002a5c                FPU_IRQHandler
                0x0000000008002a5c                OTG_HS_WKUP_IRQHandler
                0x0000000008002a5c                CAN2_SCE_IRQHandler
                0x0000000008002a5c                SPI1_IRQHandler
                0x0000000008002a5c                TIM6_DAC_IRQHandler
                0x0000000008002a5c                TIM1_BRK_TIM9_IRQHandler
                0x0000000008002a5c                DCMI_IRQHandler
                0x0000000008002a5c                CAN2_RX0_IRQHandler
                0x0000000008002a5c                DMA2_Stream3_IRQHandler
                0x0000000008002a5c                USART6_IRQHandler
                0x0000000008002a5c                USART3_IRQHandler
                0x0000000008002a5c                CAN1_RX1_IRQHandler
                0x0000000008002a5c                UART5_IRQHandler
                0x0000000008002a5c                TIM4_IRQHandler
                0x0000000008002a5c                I2C1_EV_IRQHandler
                0x0000000008002a5c                DMA1_Stream6_IRQHandler
                0x0000000008002a5c                DMA1_Stream1_IRQHandler
                0x0000000008002a5c                UART4_IRQHandler
                0x0000000008002a5c                TIM3_IRQHandler
                0x0000000008002a5c                RCC_IRQHandler
                0x0000000008002a5c                TIM8_BRK_TIM12_IRQHandler
                0x0000000008002a5c                Default_Handler
                0x0000000008002a5c                EXTI15_10_IRQHandler
                0x0000000008002a5c                ADC_IRQHandler
                0x0000000008002a5c                DMA1_Stream7_IRQHandler
                0x0000000008002a5c                TIM7_IRQHandler
                0x0000000008002a5c                CAN2_TX_IRQHandler
                0x0000000008002a5c                TIM5_IRQHandler
                0x0000000008002a5c                DMA2_Stream7_IRQHandler
                0x0000000008002a5c                I2C3_EV_IRQHandler
                0x0000000008002a5c                EXTI9_5_IRQHandler
                0x0000000008002a5c                RTC_WKUP_IRQHandler
                0x0000000008002a5c                ETH_WKUP_IRQHandler
                0x0000000008002a5c                SPI2_IRQHandler
                0x0000000008002a5c                OTG_HS_EP1_IN_IRQHandler
                0x0000000008002a5c                DMA1_Stream0_IRQHandler
                0x0000000008002a5c                CAN1_TX_IRQHandler
                0x0000000008002a5c                EXTI4_IRQHandler
                0x0000000008002a5c                FSMC_IRQHandler
                0x0000000008002a5c                ETH_IRQHandler
                0x0000000008002a5c                OTG_HS_EP1_OUT_IRQHandler
                0x0000000008002a5c                WWDG_IRQHandler
                0x0000000008002a5c                TIM2_IRQHandler
                0x0000000008002a5c                OTG_FS_WKUP_IRQHandler
                0x0000000008002a5c                TIM1_TRG_COM_TIM11_IRQHandler
                0x0000000008002a5c                OTG_HS_IRQHandler
                0x0000000008002a5c                EXTI1_IRQHandler
                0x0000000008002a5c                I2C2_ER_IRQHandler
                0x0000000008002a5c                CAN1_SCE_IRQHandler
                0x0000000008002a5c                FLASH_IRQHandler
                0x0000000008002a5c                DMA2_Stream4_IRQHandler
                0x0000000008002a5c                USART1_IRQHandler
                0x0000000008002a5c                OTG_FS_IRQHandler
                0x0000000008002a5c                SPI3_IRQHandler
                0x0000000008002a5c                DMA1_Stream4_IRQHandler
                0x0000000008002a5c                I2C1_ER_IRQHandler
                0x0000000008002a5c                DMA2_Stream6_IRQHandler
                0x0000000008002a5c                DMA1_Stream3_IRQHandler
 *fill*         0x0000000008002a5e        0x2 
 .text.AD9833_Write
                0x0000000008002a60       0xa8 Core/bsp_ad9833/ad9833.o
                0x0000000008002a60                AD9833_Write
 .text.AD9833_WaveSeting
                0x0000000008002b08      0x110 Core/bsp_ad9833/ad9833.o
                0x0000000008002b08                AD9833_WaveSeting
 .text.HMI_Send
                0x0000000008002c18       0x64 Core/bsp_hmi/hmi.o
                0x0000000008002c18                HMI_Send
 .text.HAL_Init
                0x0000000008002c7c       0x44 Drivers/STM32F4xx_HAL_Driver/Src/stm32f4xx_hal.o
                0x0000000008002c7c                HAL_Init
 .text.HAL_InitTick
                0x0000000008002cc0       0x60 Drivers/STM32F4xx_HAL_Driver/Src/stm32f4xx_hal.o
                0x0000000008002cc0                HAL_InitTick
 .text.HAL_IncTick
                0x0000000008002d20       0x28 Drivers/STM32F4xx_HAL_Driver/Src/stm32f4xx_hal.o
                0x0000000008002d20                HAL_IncTick
 .text.HAL_GetTick
                0x0000000008002d48       0x18 Drivers/STM32F4xx_HAL_Driver/Src/stm32f4xx_hal.o
                0x0000000008002d48                HAL_GetTick
 .text.HAL_Delay
                0x0000000008002d60       0x48 Drivers/STM32F4xx_HAL_Driver/Src/stm32f4xx_hal.o
                0x0000000008002d60                HAL_Delay
 .text.HAL_ADC_Init
                0x0000000008002da8       0x86 Drivers/STM32F4xx_HAL_Driver/Src/stm32f4xx_hal_adc.o
                0x0000000008002da8                HAL_ADC_Init
 *fill*         0x0000000008002e2e        0x2 
 .text.HAL_ADC_Start_DMA
                0x0000000008002e30      0x220 Drivers/STM32F4xx_HAL_Driver/Src/stm32f4xx_hal_adc.o
                0x0000000008002e30                HAL_ADC_Start_DMA
 .text.HAL_ADC_ConvHalfCpltCallback
                0x0000000008003050       0x14 Drivers/STM32F4xx_HAL_Driver/Src/stm32f4xx_hal_adc.o
                0x0000000008003050                HAL_ADC_ConvHalfCpltCallback
 .text.HAL_ADC_ErrorCallback
                0x0000000008003064       0x14 Drivers/STM32F4xx_HAL_Driver/Src/stm32f4xx_hal_adc.o
                0x0000000008003064                HAL_ADC_ErrorCallback
 .text.HAL_ADC_ConfigChannel
                0x0000000008003078      0x244 Drivers/STM32F4xx_HAL_Driver/Src/stm32f4xx_hal_adc.o
                0x0000000008003078                HAL_ADC_ConfigChannel
 .text.ADC_Init
                0x00000000080032bc      0x1f8 Drivers/STM32F4xx_HAL_Driver/Src/stm32f4xx_hal_adc.o
 .text.ADC_DMAConvCplt
                0x00000000080034b4       0xba Drivers/STM32F4xx_HAL_Driver/Src/stm32f4xx_hal_adc.o
 .text.ADC_DMAHalfConvCplt
                0x000000000800356e       0x1c Drivers/STM32F4xx_HAL_Driver/Src/stm32f4xx_hal_adc.o
 .text.ADC_DMAError
                0x000000000800358a       0x2e Drivers/STM32F4xx_HAL_Driver/Src/stm32f4xx_hal_adc.o
 .text.__NVIC_SetPriorityGrouping
                0x00000000080035b8       0x48 Drivers/STM32F4xx_HAL_Driver/Src/stm32f4xx_hal_cortex.o
 .text.__NVIC_GetPriorityGrouping
                0x0000000008003600       0x1c Drivers/STM32F4xx_HAL_Driver/Src/stm32f4xx_hal_cortex.o
 .text.__NVIC_EnableIRQ
                0x000000000800361c       0x3c Drivers/STM32F4xx_HAL_Driver/Src/stm32f4xx_hal_cortex.o
 .text.__NVIC_SetPriority
                0x0000000008003658       0x54 Drivers/STM32F4xx_HAL_Driver/Src/stm32f4xx_hal_cortex.o
 .text.NVIC_EncodePriority
                0x00000000080036ac       0x66 Drivers/STM32F4xx_HAL_Driver/Src/stm32f4xx_hal_cortex.o
 *fill*         0x0000000008003712        0x2 
 .text.SysTick_Config
                0x0000000008003714       0x44 Drivers/STM32F4xx_HAL_Driver/Src/stm32f4xx_hal_cortex.o
 .text.HAL_NVIC_SetPriorityGrouping
                0x0000000008003758       0x16 Drivers/STM32F4xx_HAL_Driver/Src/stm32f4xx_hal_cortex.o
                0x0000000008003758                HAL_NVIC_SetPriorityGrouping
 .text.HAL_NVIC_SetPriority
                0x000000000800376e       0x38 Drivers/STM32F4xx_HAL_Driver/Src/stm32f4xx_hal_cortex.o
                0x000000000800376e                HAL_NVIC_SetPriority
 .text.HAL_NVIC_EnableIRQ
                0x00000000080037a6       0x1c Drivers/STM32F4xx_HAL_Driver/Src/stm32f4xx_hal_cortex.o
                0x00000000080037a6                HAL_NVIC_EnableIRQ
 .text.HAL_SYSTICK_Config
                0x00000000080037c2       0x18 Drivers/STM32F4xx_HAL_Driver/Src/stm32f4xx_hal_cortex.o
                0x00000000080037c2                HAL_SYSTICK_Config
 *fill*         0x00000000080037da        0x2 
 .text.HAL_DMA_Init
                0x00000000080037dc      0x15c Drivers/STM32F4xx_HAL_Driver/Src/stm32f4xx_hal_dma.o
                0x00000000080037dc                HAL_DMA_Init
 .text.HAL_DMA_Start_IT
                0x0000000008003938       0xb0 Drivers/STM32F4xx_HAL_Driver/Src/stm32f4xx_hal_dma.o
                0x0000000008003938                HAL_DMA_Start_IT
 .text.HAL_DMA_Abort
                0x00000000080039e8       0xe0 Drivers/STM32F4xx_HAL_Driver/Src/stm32f4xx_hal_dma.o
                0x00000000080039e8                HAL_DMA_Abort
 .text.HAL_DMA_Abort_IT
                0x0000000008003ac8       0x44 Drivers/STM32F4xx_HAL_Driver/Src/stm32f4xx_hal_dma.o
                0x0000000008003ac8                HAL_DMA_Abort_IT
 .text.HAL_DMA_IRQHandler
                0x0000000008003b0c      0x314 Drivers/STM32F4xx_HAL_Driver/Src/stm32f4xx_hal_dma.o
                0x0000000008003b0c                HAL_DMA_IRQHandler
 .text.DMA_SetConfig
                0x0000000008003e20       0x5c Drivers/STM32F4xx_HAL_Driver/Src/stm32f4xx_hal_dma.o
 .text.DMA_CalcBaseAndBitshift
                0x0000000008003e7c       0x6c Drivers/STM32F4xx_HAL_Driver/Src/stm32f4xx_hal_dma.o
 .text.DMA_CheckFifoParam
                0x0000000008003ee8       0xf8 Drivers/STM32F4xx_HAL_Driver/Src/stm32f4xx_hal_dma.o
 .text.HAL_GPIO_Init
                0x0000000008003fe0      0x338 Drivers/STM32F4xx_HAL_Driver/Src/stm32f4xx_hal_gpio.o
                0x0000000008003fe0                HAL_GPIO_Init
 .text.HAL_GPIO_WritePin
                0x0000000008004318       0x32 Drivers/STM32F4xx_HAL_Driver/Src/stm32f4xx_hal_gpio.o
                0x0000000008004318                HAL_GPIO_WritePin
 *fill*         0x000000000800434a        0x2 
 .text.HAL_RCC_OscConfig
                0x000000000800434c      0x4f0 Drivers/STM32F4xx_HAL_Driver/Src/stm32f4xx_hal_rcc.o
                0x000000000800434c                HAL_RCC_OscConfig
 .text.HAL_RCC_ClockConfig
                0x000000000800483c      0x1cc Drivers/STM32F4xx_HAL_Driver/Src/stm32f4xx_hal_rcc.o
                0x000000000800483c                HAL_RCC_ClockConfig
 .text.HAL_RCC_GetSysClockFreq
                0x0000000008004a08      0x1c4 Drivers/STM32F4xx_HAL_Driver/Src/stm32f4xx_hal_rcc.o
                0x0000000008004a08                HAL_RCC_GetSysClockFreq
 .text.HAL_RCC_GetHCLKFreq
                0x0000000008004bcc       0x18 Drivers/STM32F4xx_HAL_Driver/Src/stm32f4xx_hal_rcc.o
                0x0000000008004bcc                HAL_RCC_GetHCLKFreq
 .text.HAL_RCC_GetPCLK1Freq
                0x0000000008004be4       0x28 Drivers/STM32F4xx_HAL_Driver/Src/stm32f4xx_hal_rcc.o
                0x0000000008004be4                HAL_RCC_GetPCLK1Freq
 .text.HAL_RCC_GetPCLK2Freq
                0x0000000008004c0c       0x28 Drivers/STM32F4xx_HAL_Driver/Src/stm32f4xx_hal_rcc.o
                0x0000000008004c0c                HAL_RCC_GetPCLK2Freq
 .text.HAL_TIM_Base_Init
                0x0000000008004c34       0x9e Drivers/STM32F4xx_HAL_Driver/Src/stm32f4xx_hal_tim.o
                0x0000000008004c34                HAL_TIM_Base_Init
 *fill*         0x0000000008004cd2        0x2 
 .text.HAL_TIM_Base_Start
                0x0000000008004cd4       0xd0 Drivers/STM32F4xx_HAL_Driver/Src/stm32f4xx_hal_tim.o
                0x0000000008004cd4                HAL_TIM_Base_Start
 .text.HAL_TIM_Base_Stop
                0x0000000008004da4       0x4e Drivers/STM32F4xx_HAL_Driver/Src/stm32f4xx_hal_tim.o
                0x0000000008004da4                HAL_TIM_Base_Stop
 .text.HAL_TIM_ConfigClockSource
                0x0000000008004df2      0x188 Drivers/STM32F4xx_HAL_Driver/Src/stm32f4xx_hal_tim.o
                0x0000000008004df2                HAL_TIM_ConfigClockSource
 *fill*         0x0000000008004f7a        0x2 
 .text.TIM_Base_SetConfig
                0x0000000008004f7c      0x140 Drivers/STM32F4xx_HAL_Driver/Src/stm32f4xx_hal_tim.o
                0x0000000008004f7c                TIM_Base_SetConfig
 .text.TIM_TI1_ConfigInputStage
                0x00000000080050bc       0x5e Drivers/STM32F4xx_HAL_Driver/Src/stm32f4xx_hal_tim.o
 .text.TIM_TI2_ConfigInputStage
                0x000000000800511a       0x60 Drivers/STM32F4xx_HAL_Driver/Src/stm32f4xx_hal_tim.o
 .text.TIM_ITRx_SetConfig
                0x000000000800517a       0x36 Drivers/STM32F4xx_HAL_Driver/Src/stm32f4xx_hal_tim.o
 .text.TIM_ETR_SetConfig
                0x00000000080051b0       0x40 Drivers/STM32F4xx_HAL_Driver/Src/stm32f4xx_hal_tim.o
                0x00000000080051b0                TIM_ETR_SetConfig
 .text.HAL_TIMEx_MasterConfigSynchronization
                0x00000000080051f0       0xf8 Drivers/STM32F4xx_HAL_Driver/Src/stm32f4xx_hal_tim_ex.o
                0x00000000080051f0                HAL_TIMEx_MasterConfigSynchronization
 .text.HAL_UART_Init
                0x00000000080052e8       0x9a Drivers/STM32F4xx_HAL_Driver/Src/stm32f4xx_hal_uart.o
                0x00000000080052e8                HAL_UART_Init
 .text.HAL_UART_Transmit
                0x0000000008005382      0x124 Drivers/STM32F4xx_HAL_Driver/Src/stm32f4xx_hal_uart.o
                0x0000000008005382                HAL_UART_Transmit
 .text.HAL_UART_Receive_IT
                0x00000000080054a6       0x60 Drivers/STM32F4xx_HAL_Driver/Src/stm32f4xx_hal_uart.o
                0x00000000080054a6                HAL_UART_Receive_IT
 *fill*         0x0000000008005506        0x2 
 .text.HAL_UART_IRQHandler
                0x0000000008005508      0x358 Drivers/STM32F4xx_HAL_Driver/Src/stm32f4xx_hal_uart.o
                0x0000000008005508                HAL_UART_IRQHandler
 .text.HAL_UART_TxCpltCallback
                0x0000000008005860       0x14 Drivers/STM32F4xx_HAL_Driver/Src/stm32f4xx_hal_uart.o
                0x0000000008005860                HAL_UART_TxCpltCallback
 .text.HAL_UART_ErrorCallback
                0x0000000008005874       0x14 Drivers/STM32F4xx_HAL_Driver/Src/stm32f4xx_hal_uart.o
                0x0000000008005874                HAL_UART_ErrorCallback
 .text.HAL_UARTEx_RxEventCallback
                0x0000000008005888       0x18 Drivers/STM32F4xx_HAL_Driver/Src/stm32f4xx_hal_uart.o
                0x0000000008005888                HAL_UARTEx_RxEventCallback
 .text.UART_WaitOnFlagUntilTimeout
                0x00000000080058a0       0x94 Drivers/STM32F4xx_HAL_Driver/Src/stm32f4xx_hal_uart.o
 .text.UART_Start_Receive_IT
                0x0000000008005934       0x74 Drivers/STM32F4xx_HAL_Driver/Src/stm32f4xx_hal_uart.o
                0x0000000008005934                UART_Start_Receive_IT
 .text.UART_EndRxTransfer
                0x00000000080059a8       0x5a Drivers/STM32F4xx_HAL_Driver/Src/stm32f4xx_hal_uart.o
 .text.UART_DMAAbortOnError
                0x0000000008005a02       0x28 Drivers/STM32F4xx_HAL_Driver/Src/stm32f4xx_hal_uart.o
 .text.UART_Transmit_IT
                0x0000000008005a2a       0xa0 Drivers/STM32F4xx_HAL_Driver/Src/stm32f4xx_hal_uart.o
 .text.UART_EndTransmit_IT
                0x0000000008005aca       0x30 Drivers/STM32F4xx_HAL_Driver/Src/stm32f4xx_hal_uart.o
 .text.UART_Receive_IT
                0x0000000008005afa      0x12e Drivers/STM32F4xx_HAL_Driver/Src/stm32f4xx_hal_uart.o
 .text.UART_SetConfig
                0x0000000008005c28      0x390 Drivers/STM32F4xx_HAL_Driver/Src/stm32f4xx_hal_uart.o
 .text.__errno  0x0000000008005fb8        0xc d:/stm32cube-ide/stm32cubeide_1.6.1/stm32cubeide/plugins/com.st.stm32cube.ide.mcu.externaltools.gnu-tools-for-stm32.9-2020-q2-update.win32_1.5.0.202011040924/tools/bin/../lib/gcc/arm-none-eabi/9.3.1/../../../../arm-none-eabi/lib/thumb/v7e-m+fp/hard\libc_nano.a(lib_a-errno.o)
                0x0000000008005fb8                __errno
 .text.__libc_init_array
                0x0000000008005fc4       0x48 d:/stm32cube-ide/stm32cubeide_1.6.1/stm32cubeide/plugins/com.st.stm32cube.ide.mcu.externaltools.gnu-tools-for-stm32.9-2020-q2-update.win32_1.5.0.202011040924/tools/bin/../lib/gcc/arm-none-eabi/9.3.1/../../../../arm-none-eabi/lib/thumb/v7e-m+fp/hard\libc_nano.a(lib_a-init.o)
                0x0000000008005fc4                __libc_init_array
 .text.memset   0x000000000800600c       0x10 d:/stm32cube-ide/stm32cubeide_1.6.1/stm32cubeide/plugins/com.st.stm32cube.ide.mcu.externaltools.gnu-tools-for-stm32.9-2020-q2-update.win32_1.5.0.202011040924/tools/bin/../lib/gcc/arm-none-eabi/9.3.1/../../../../arm-none-eabi/lib/thumb/v7e-m+fp/hard\libc_nano.a(lib_a-memset.o)
                0x000000000800600c                memset
 .text.sprintf  0x000000000800601c       0x40 d:/stm32cube-ide/stm32cubeide_1.6.1/stm32cubeide/plugins/com.st.stm32cube.ide.mcu.externaltools.gnu-tools-for-stm32.9-2020-q2-update.win32_1.5.0.202011040924/tools/bin/../lib/gcc/arm-none-eabi/9.3.1/../../../../arm-none-eabi/lib/thumb/v7e-m+fp/hard\libc_nano.a(lib_a-sprintf.o)
                0x000000000800601c                siprintf
                0x000000000800601c                sprintf
 .text._vsprintf_r
                0x000000000800605c       0x2c d:/stm32cube-ide/stm32cubeide_1.6.1/stm32cubeide/plugins/com.st.stm32cube.ide.mcu.externaltools.gnu-tools-for-stm32.9-2020-q2-update.win32_1.5.0.202011040924/tools/bin/../lib/gcc/arm-none-eabi/9.3.1/../../../../arm-none-eabi/lib/thumb/v7e-m+fp/hard\libc_nano.a(lib_a-vsprintf.o)
                0x000000000800605c                _vsprintf_r
                0x000000000800605c                _vsiprintf_r
 .text.vsprintf
                0x0000000008006088       0x14 d:/stm32cube-ide/stm32cubeide_1.6.1/stm32cubeide/plugins/com.st.stm32cube.ide.mcu.externaltools.gnu-tools-for-stm32.9-2020-q2-update.win32_1.5.0.202011040924/tools/bin/../lib/gcc/arm-none-eabi/9.3.1/../../../../arm-none-eabi/lib/thumb/v7e-m+fp/hard\libc_nano.a(lib_a-vsprintf.o)
                0x0000000008006088                vsiprintf
                0x0000000008006088                vsprintf
 .text.__ssputs_r
                0x000000000800609c       0xb6 d:/stm32cube-ide/stm32cubeide_1.6.1/stm32cubeide/plugins/com.st.stm32cube.ide.mcu.externaltools.gnu-tools-for-stm32.9-2020-q2-update.win32_1.5.0.202011040924/tools/bin/../lib/gcc/arm-none-eabi/9.3.1/../../../../arm-none-eabi/lib/thumb/v7e-m+fp/hard\libc_nano.a(lib_a-nano-svfprintf.o)
                0x000000000800609c                __ssputs_r
 *fill*         0x0000000008006152        0x2 
 .text._svfprintf_r
                0x0000000008006154      0x200 d:/stm32cube-ide/stm32cubeide_1.6.1/stm32cubeide/plugins/com.st.stm32cube.ide.mcu.externaltools.gnu-tools-for-stm32.9-2020-q2-update.win32_1.5.0.202011040924/tools/bin/../lib/gcc/arm-none-eabi/9.3.1/../../../../arm-none-eabi/lib/thumb/v7e-m+fp/hard\libc_nano.a(lib_a-nano-svfprintf.o)
                0x0000000008006154                _svfiprintf_r
                0x0000000008006154                _svfprintf_r
 .text._printf_common
                0x0000000008006354       0xda d:/stm32cube-ide/stm32cubeide_1.6.1/stm32cubeide/plugins/com.st.stm32cube.ide.mcu.externaltools.gnu-tools-for-stm32.9-2020-q2-update.win32_1.5.0.202011040924/tools/bin/../lib/gcc/arm-none-eabi/9.3.1/../../../../arm-none-eabi/lib/thumb/v7e-m+fp/hard\libc_nano.a(lib_a-nano-vfprintf_i.o)
                0x0000000008006354                _printf_common
 *fill*         0x000000000800642e        0x2 
 .text._printf_i
                0x0000000008006430      0x24c d:/stm32cube-ide/stm32cubeide_1.6.1/stm32cubeide/plugins/com.st.stm32cube.ide.mcu.externaltools.gnu-tools-for-stm32.9-2020-q2-update.win32_1.5.0.202011040924/tools/bin/../lib/gcc/arm-none-eabi/9.3.1/../../../../arm-none-eabi/lib/thumb/v7e-m+fp/hard\libc_nano.a(lib_a-nano-vfprintf_i.o)
                0x0000000008006430                _printf_i
 .text.memcpy   0x000000000800667c       0x1c d:/stm32cube-ide/stm32cubeide_1.6.1/stm32cubeide/plugins/com.st.stm32cube.ide.mcu.externaltools.gnu-tools-for-stm32.9-2020-q2-update.win32_1.5.0.202011040924/tools/bin/../lib/gcc/arm-none-eabi/9.3.1/../../../../arm-none-eabi/lib/thumb/v7e-m+fp/hard\libc_nano.a(lib_a-memcpy-stub.o)
                0x000000000800667c                memcpy
 .text.memmove  0x0000000008006698       0x34 d:/stm32cube-ide/stm32cubeide_1.6.1/stm32cubeide/plugins/com.st.stm32cube.ide.mcu.externaltools.gnu-tools-for-stm32.9-2020-q2-update.win32_1.5.0.202011040924/tools/bin/../lib/gcc/arm-none-eabi/9.3.1/../../../../arm-none-eabi/lib/thumb/v7e-m+fp/hard\libc_nano.a(lib_a-memmove.o)
                0x0000000008006698                memmove
 .text._free_r  0x00000000080066cc       0xa0 d:/stm32cube-ide/stm32cubeide_1.6.1/stm32cubeide/plugins/com.st.stm32cube.ide.mcu.externaltools.gnu-tools-for-stm32.9-2020-q2-update.win32_1.5.0.202011040924/tools/bin/../lib/gcc/arm-none-eabi/9.3.1/../../../../arm-none-eabi/lib/thumb/v7e-m+fp/hard\libc_nano.a(lib_a-nano-freer.o)
                0x00000000080066cc                _free_r
 .text._malloc_r
                0x000000000800676c       0xb4 d:/stm32cube-ide/stm32cubeide_1.6.1/stm32cubeide/plugins/com.st.stm32cube.ide.mcu.externaltools.gnu-tools-for-stm32.9-2020-q2-update.win32_1.5.0.202011040924/tools/bin/../lib/gcc/arm-none-eabi/9.3.1/../../../../arm-none-eabi/lib/thumb/v7e-m+fp/hard\libc_nano.a(lib_a-nano-mallocr.o)
                0x000000000800676c                _malloc_r
 .text._realloc_r
                0x0000000008006820       0x4c d:/stm32cube-ide/stm32cubeide_1.6.1/stm32cubeide/plugins/com.st.stm32cube.ide.mcu.externaltools.gnu-tools-for-stm32.9-2020-q2-update.win32_1.5.0.202011040924/tools/bin/../lib/gcc/arm-none-eabi/9.3.1/../../../../arm-none-eabi/lib/thumb/v7e-m+fp/hard\libc_nano.a(lib_a-nano-reallocr.o)
                0x0000000008006820                _realloc_r
 .text._sbrk_r  0x000000000800686c       0x20 d:/stm32cube-ide/stm32cubeide_1.6.1/stm32cubeide/plugins/com.st.stm32cube.ide.mcu.externaltools.gnu-tools-for-stm32.9-2020-q2-update.win32_1.5.0.202011040924/tools/bin/../lib/gcc/arm-none-eabi/9.3.1/../../../../arm-none-eabi/lib/thumb/v7e-m+fp/hard\libc_nano.a(lib_a-sbrkr.o)
                0x000000000800686c                _sbrk_r
 .text.__malloc_lock
                0x000000000800688c        0xc d:/stm32cube-ide/stm32cubeide_1.6.1/stm32cubeide/plugins/com.st.stm32cube.ide.mcu.externaltools.gnu-tools-for-stm32.9-2020-q2-update.win32_1.5.0.202011040924/tools/bin/../lib/gcc/arm-none-eabi/9.3.1/../../../../arm-none-eabi/lib/thumb/v7e-m+fp/hard\libc_nano.a(lib_a-mlock.o)
                0x000000000800688c                __malloc_lock
 .text.__malloc_unlock
                0x0000000008006898        0xc d:/stm32cube-ide/stm32cubeide_1.6.1/stm32cubeide/plugins/com.st.stm32cube.ide.mcu.externaltools.gnu-tools-for-stm32.9-2020-q2-update.win32_1.5.0.202011040924/tools/bin/../lib/gcc/arm-none-eabi/9.3.1/../../../../arm-none-eabi/lib/thumb/v7e-m+fp/hard\libc_nano.a(lib_a-mlock.o)
                0x0000000008006898                __malloc_unlock
 .text._malloc_usable_size_r
                0x00000000080068a4       0x10 d:/stm32cube-ide/stm32cubeide_1.6.1/stm32cubeide/plugins/com.st.stm32cube.ide.mcu.externaltools.gnu-tools-for-stm32.9-2020-q2-update.win32_1.5.0.202011040924/tools/bin/../lib/gcc/arm-none-eabi/9.3.1/../../../../arm-none-eabi/lib/thumb/v7e-m+fp/hard\libc_nano.a(lib_a-nano-msizer.o)
                0x00000000080068a4                _malloc_usable_size_r
 .text.__retarget_lock_acquire_recursive
                0x00000000080068b4        0x2 d:/stm32cube-ide/stm32cubeide_1.6.1/stm32cubeide/plugins/com.st.stm32cube.ide.mcu.externaltools.gnu-tools-for-stm32.9-2020-q2-update.win32_1.5.0.202011040924/tools/bin/../lib/gcc/arm-none-eabi/9.3.1/../../../../arm-none-eabi/lib/thumb/v7e-m+fp/hard\libc_nano.a(lib_a-lock.o)
                0x00000000080068b4                __retarget_lock_acquire_recursive
 .text.__retarget_lock_release_recursive
                0x00000000080068b6        0x2 d:/stm32cube-ide/stm32cubeide_1.6.1/stm32cubeide/plugins/com.st.stm32cube.ide.mcu.externaltools.gnu-tools-for-stm32.9-2020-q2-update.win32_1.5.0.202011040924/tools/bin/../lib/gcc/arm-none-eabi/9.3.1/../../../../arm-none-eabi/lib/thumb/v7e-m+fp/hard\libc_nano.a(lib_a-lock.o)
                0x00000000080068b6                __retarget_lock_release_recursive
 .text.ceil     0x00000000080068b8      0x108 d:/stm32cube-ide/stm32cubeide_1.6.1/stm32cubeide/plugins/com.st.stm32cube.ide.mcu.externaltools.gnu-tools-for-stm32.9-2020-q2-update.win32_1.5.0.202011040924/tools/bin/../lib/gcc/arm-none-eabi/9.3.1/../../../../arm-none-eabi/lib/thumb/v7e-m+fp/hard\libm.a(lib_a-s_ceil.o)
                0x00000000080068b8                ceil
 *(.glue_7)
 .glue_7        0x00000000080069c0        0x0 linker stubs
 *(.glue_7t)
 .glue_7t       0x00000000080069c0        0x0 linker stubs
 *(.eh_frame)
 .eh_frame      0x00000000080069c0        0x0 d:/stm32cube-ide/stm32cubeide_1.6.1/stm32cubeide/plugins/com.st.stm32cube.ide.mcu.externaltools.gnu-tools-for-stm32.9-2020-q2-update.win32_1.5.0.202011040924/tools/bin/../lib/gcc/arm-none-eabi/9.3.1/thumb/v7e-m+fp/hard/crtbegin.o
 *(.init)
 .init          0x00000000080069c0        0x4 d:/stm32cube-ide/stm32cubeide_1.6.1/stm32cubeide/plugins/com.st.stm32cube.ide.mcu.externaltools.gnu-tools-for-stm32.9-2020-q2-update.win32_1.5.0.202011040924/tools/bin/../lib/gcc/arm-none-eabi/9.3.1/thumb/v7e-m+fp/hard/crti.o
                0x00000000080069c0                _init
 .init          0x00000000080069c4        0x8 d:/stm32cube-ide/stm32cubeide_1.6.1/stm32cubeide/plugins/com.st.stm32cube.ide.mcu.externaltools.gnu-tools-for-stm32.9-2020-q2-update.win32_1.5.0.202011040924/tools/bin/../lib/gcc/arm-none-eabi/9.3.1/thumb/v7e-m+fp/hard/crtn.o
 *(.fini)
 .fini          0x00000000080069cc        0x4 d:/stm32cube-ide/stm32cubeide_1.6.1/stm32cubeide/plugins/com.st.stm32cube.ide.mcu.externaltools.gnu-tools-for-stm32.9-2020-q2-update.win32_1.5.0.202011040924/tools/bin/../lib/gcc/arm-none-eabi/9.3.1/thumb/v7e-m+fp/hard/crti.o
                0x00000000080069cc                _fini
 .fini          0x00000000080069d0        0x8 d:/stm32cube-ide/stm32cubeide_1.6.1/stm32cubeide/plugins/com.st.stm32cube.ide.mcu.externaltools.gnu-tools-for-stm32.9-2020-q2-update.win32_1.5.0.202011040924/tools/bin/../lib/gcc/arm-none-eabi/9.3.1/thumb/v7e-m+fp/hard/crtn.o
                0x00000000080069d8                . = ALIGN (0x4)
                0x00000000080069d8                _etext = .

.vfp11_veneer   0x00000000080069d8        0x0
 .vfp11_veneer  0x00000000080069d8        0x0 linker stubs

.v4_bx          0x00000000080069d8        0x0
 .v4_bx         0x00000000080069d8        0x0 linker stubs

.iplt           0x00000000080069d8        0x0
 .iplt          0x00000000080069d8        0x0 d:/stm32cube-ide/stm32cubeide_1.6.1/stm32cubeide/plugins/com.st.stm32cube.ide.mcu.externaltools.gnu-tools-for-stm32.9-2020-q2-update.win32_1.5.0.202011040924/tools/bin/../lib/gcc/arm-none-eabi/9.3.1/thumb/v7e-m+fp/hard/crtbegin.o

.rodata         0x00000000080069d8      0x260
                0x00000000080069d8                . = ALIGN (0x4)
 *(.rodata)
 .rodata        0x00000000080069d8      0x207 Core/Src/main.o
 *fill*         0x0000000008006bdf        0x1 
 .rodata        0x0000000008006be0        0x4 Core/bsp_hmi/hmi.o
 *(.rodata*)
 .rodata.AHBPrescTable
                0x0000000008006be4       0x10 Core/Src/system_stm32f4xx.o
                0x0000000008006be4                AHBPrescTable
 .rodata.APBPrescTable
                0x0000000008006bf4        0x8 Core/Src/system_stm32f4xx.o
                0x0000000008006bf4                APBPrescTable
 .rodata.flagBitshiftOffset.8823
                0x0000000008006bfc        0x8 Drivers/STM32F4xx_HAL_Driver/Src/stm32f4xx_hal_dma.o
 .rodata._svfprintf_r.str1.1
                0x0000000008006c04       0x11 d:/stm32cube-ide/stm32cubeide_1.6.1/stm32cubeide/plugins/com.st.stm32cube.ide.mcu.externaltools.gnu-tools-for-stm32.9-2020-q2-update.win32_1.5.0.202011040924/tools/bin/../lib/gcc/arm-none-eabi/9.3.1/../../../../arm-none-eabi/lib/thumb/v7e-m+fp/hard\libc_nano.a(lib_a-nano-svfprintf.o)
 .rodata._printf_i.str1.1
                0x0000000008006c15       0x22 d:/stm32cube-ide/stm32cubeide_1.6.1/stm32cubeide/plugins/com.st.stm32cube.ide.mcu.externaltools.gnu-tools-for-stm32.9-2020-q2-update.win32_1.5.0.202011040924/tools/bin/../lib/gcc/arm-none-eabi/9.3.1/../../../../arm-none-eabi/lib/thumb/v7e-m+fp/hard\libc_nano.a(lib_a-nano-vfprintf_i.o)
                0x0000000008006c38                . = ALIGN (0x4)
 *fill*         0x0000000008006c37        0x1 

.ARM.extab      0x0000000008006c38        0x0
                0x0000000008006c38                . = ALIGN (0x4)
 *(.ARM.extab* .gnu.linkonce.armextab.*)
                0x0000000008006c38                . = ALIGN (0x4)

.ARM            0x0000000008006c38        0x8
                0x0000000008006c38                . = ALIGN (0x4)
                0x0000000008006c38                __exidx_start = .
 *(.ARM.exidx*)
 .ARM.exidx     0x0000000008006c38        0x8 d:/stm32cube-ide/stm32cubeide_1.6.1/stm32cubeide/plugins/com.st.stm32cube.ide.mcu.externaltools.gnu-tools-for-stm32.9-2020-q2-update.win32_1.5.0.202011040924/tools/bin/../lib/gcc/arm-none-eabi/9.3.1/thumb/v7e-m+fp/hard\libgcc.a(_udivmoddi4.o)
                0x0000000008006c40                __exidx_end = .
                0x0000000008006c40                . = ALIGN (0x4)

.rel.dyn        0x0000000008006c40        0x0
 .rel.iplt      0x0000000008006c40        0x0 d:/stm32cube-ide/stm32cubeide_1.6.1/stm32cubeide/plugins/com.st.stm32cube.ide.mcu.externaltools.gnu-tools-for-stm32.9-2020-q2-update.win32_1.5.0.202011040924/tools/bin/../lib/gcc/arm-none-eabi/9.3.1/thumb/v7e-m+fp/hard/crtbegin.o

.preinit_array  0x0000000008006c40        0x0
                0x0000000008006c40                . = ALIGN (0x4)
                0x0000000008006c40                PROVIDE (__preinit_array_start = .)
 *(.preinit_array*)
                0x0000000008006c40                PROVIDE (__preinit_array_end = .)
                0x0000000008006c40                . = ALIGN (0x4)

.init_array     0x0000000008006c40        0x4
                0x0000000008006c40                . = ALIGN (0x4)
                0x0000000008006c40                PROVIDE (__init_array_start = .)
 *(SORT_BY_NAME(.init_array.*))
 *(.init_array*)
 .init_array    0x0000000008006c40        0x4 d:/stm32cube-ide/stm32cubeide_1.6.1/stm32cubeide/plugins/com.st.stm32cube.ide.mcu.externaltools.gnu-tools-for-stm32.9-2020-q2-update.win32_1.5.0.202011040924/tools/bin/../lib/gcc/arm-none-eabi/9.3.1/thumb/v7e-m+fp/hard/crtbegin.o
                0x0000000008006c44                PROVIDE (__init_array_end = .)
                0x0000000008006c44                . = ALIGN (0x4)

.fini_array     0x0000000008006c44        0x4
                0x0000000008006c44                . = ALIGN (0x4)
                [!provide]                        PROVIDE (__fini_array_start = .)
 *(SORT_BY_NAME(.fini_array.*))
 *(.fini_array*)
 .fini_array    0x0000000008006c44        0x4 d:/stm32cube-ide/stm32cubeide_1.6.1/stm32cubeide/plugins/com.st.stm32cube.ide.mcu.externaltools.gnu-tools-for-stm32.9-2020-q2-update.win32_1.5.0.202011040924/tools/bin/../lib/gcc/arm-none-eabi/9.3.1/thumb/v7e-m+fp/hard/crtbegin.o
                [!provide]                        PROVIDE (__fini_array_end = .)
                0x0000000008006c48                . = ALIGN (0x4)
                0x0000000008006c48                _sidata = LOADADDR (.data)

.data           0x0000000020000000       0x8c load address 0x0000000008006c48
                0x0000000020000000                . = ALIGN (0x4)
                0x0000000020000000                _sdata = .
 *(.data)
 *(.data*)
 .data.RL       0x0000000020000000        0x4 Core/Src/main.o
                0x0000000020000000                RL
 .data.gain1    0x0000000020000004        0x4 Core/Src/main.o
                0x0000000020000004                gain1
 .data.gain2    0x0000000020000008        0x4 Core/Src/main.o
                0x0000000020000008                gain2
 .data.gain3off
                0x000000002000000c        0x4 Core/Src/main.o
                0x000000002000000c                gain3off
 .data.gain3on  0x0000000020000010        0x4 Core/Src/main.o
                0x0000000020000010                gain3on
 .data.judgement
                0x0000000020000014        0x4 Core/Src/main.o
                0x0000000020000014                judgement
 .data.jud      0x0000000020000018        0x4 Core/Src/main.o
                0x0000000020000018                jud
 .data.SystemCoreClock
                0x000000002000001c        0x4 Core/Src/system_stm32f4xx.o
                0x000000002000001c                SystemCoreClock
 .data.uwTickPrio
                0x0000000020000020        0x4 Drivers/STM32F4xx_HAL_Driver/Src/stm32f4xx_hal.o
                0x0000000020000020                uwTickPrio
 .data.uwTickFreq
                0x0000000020000024        0x1 Drivers/STM32F4xx_HAL_Driver/Src/stm32f4xx_hal.o
                0x0000000020000024                uwTickFreq
 *fill*         0x0000000020000025        0x3 
 .data._impure_ptr
                0x0000000020000028        0x4 d:/stm32cube-ide/stm32cubeide_1.6.1/stm32cubeide/plugins/com.st.stm32cube.ide.mcu.externaltools.gnu-tools-for-stm32.9-2020-q2-update.win32_1.5.0.202011040924/tools/bin/../lib/gcc/arm-none-eabi/9.3.1/../../../../arm-none-eabi/lib/thumb/v7e-m+fp/hard\libc_nano.a(lib_a-impure.o)
                0x0000000020000028                _impure_ptr
 .data.impure_data
                0x000000002000002c       0x60 d:/stm32cube-ide/stm32cubeide_1.6.1/stm32cubeide/plugins/com.st.stm32cube.ide.mcu.externaltools.gnu-tools-for-stm32.9-2020-q2-update.win32_1.5.0.202011040924/tools/bin/../lib/gcc/arm-none-eabi/9.3.1/../../../../arm-none-eabi/lib/thumb/v7e-m+fp/hard\libc_nano.a(lib_a-impure.o)
 *(.RamFunc)
 *(.RamFunc*)
                0x000000002000008c                . = ALIGN (0x4)
                0x000000002000008c                _edata = .

.igot.plt       0x000000002000008c        0x0 load address 0x0000000008006cd4
 .igot.plt      0x000000002000008c        0x0 d:/stm32cube-ide/stm32cubeide_1.6.1/stm32cubeide/plugins/com.st.stm32cube.ide.mcu.externaltools.gnu-tools-for-stm32.9-2020-q2-update.win32_1.5.0.202011040924/tools/bin/../lib/gcc/arm-none-eabi/9.3.1/thumb/v7e-m+fp/hard/crtbegin.o
                0x000000002000008c                . = ALIGN (0x4)

.bss            0x000000002000008c     0x1b5c load address 0x0000000008006cd4
                0x000000002000008c                _sbss = .
                0x000000002000008c                __bss_start__ = _sbss
 *(.bss)
 .bss           0x000000002000008c       0x1c d:/stm32cube-ide/stm32cubeide_1.6.1/stm32cubeide/plugins/com.st.stm32cube.ide.mcu.externaltools.gnu-tools-for-stm32.9-2020-q2-update.win32_1.5.0.202011040924/tools/bin/../lib/gcc/arm-none-eabi/9.3.1/thumb/v7e-m+fp/hard/crtbegin.o
 *(.bss*)
 .bss.flag_adc  0x00000000200000a8        0x4 Core/Src/main.o
                0x00000000200000a8                flag_adc
 .bss.__sbrk_heap_end
                0x00000000200000ac        0x4 Core/Src/sysmem.o
 .bss.__malloc_free_list
                0x00000000200000b0        0x4 d:/stm32cube-ide/stm32cubeide_1.6.1/stm32cubeide/plugins/com.st.stm32cube.ide.mcu.externaltools.gnu-tools-for-stm32.9-2020-q2-update.win32_1.5.0.202011040924/tools/bin/../lib/gcc/arm-none-eabi/9.3.1/../../../../arm-none-eabi/lib/thumb/v7e-m+fp/hard\libc_nano.a(lib_a-nano-mallocr.o)
                0x00000000200000b0                __malloc_free_list
 .bss.__malloc_sbrk_start
                0x00000000200000b4        0x4 d:/stm32cube-ide/stm32cubeide_1.6.1/stm32cubeide/plugins/com.st.stm32cube.ide.mcu.externaltools.gnu-tools-for-stm32.9-2020-q2-update.win32_1.5.0.202011040924/tools/bin/../lib/gcc/arm-none-eabi/9.3.1/../../../../arm-none-eabi/lib/thumb/v7e-m+fp/hard\libc_nano.a(lib_a-nano-mallocr.o)
                0x00000000200000b4                __malloc_sbrk_start
 *(COMMON)
 COMMON         0x00000000200000b8      0x1f8 Core/Src/adc.o
                0x00000000200000b8                hadc2
                0x0000000020000100                hdma_adc3
                0x0000000020000160                hadc1
                0x00000000200001a8                hadc3
                0x00000000200001f0                hdma_adc1
                0x0000000020000250                hdma_adc2
 COMMON         0x00000000200002b0     0x1854 Core/Src/main.o
                0x00000000200002b0                Gain
                0x00000000200002b4                Uin1
                0x00000000200002b8                adc3on
                0x00000000200008c4                Rout
                0x00000000200008c8                Rin
                0x00000000200008cc                Uo3ACRL
                0x00000000200008d0                adc1
                0x0000000020000edc                Uin2
                0x0000000020000ee0                adc2
                0x00000000200014ec                divide
                0x00000000200014f0                adc3off
                0x0000000020001afc                Uo3DC
                0x0000000020001b00                Uo3AC
 COMMON         0x0000000020001b04       0x48 Core/Src/tim.o
                0x0000000020001b04                htim2
 COMMON         0x0000000020001b4c       0x88 Core/Src/usart.o
                0x0000000020001b4c                huart1
                0x0000000020001b90                huart2
 COMMON         0x0000000020001bd4        0x4 Drivers/STM32F4xx_HAL_Driver/Src/stm32f4xx_hal.o
                0x0000000020001bd4                uwTick
 COMMON         0x0000000020001bd8        0x4 d:/stm32cube-ide/stm32cubeide_1.6.1/stm32cubeide/plugins/com.st.stm32cube.ide.mcu.externaltools.gnu-tools-for-stm32.9-2020-q2-update.win32_1.5.0.202011040924/tools/bin/../lib/gcc/arm-none-eabi/9.3.1/../../../../arm-none-eabi/lib/thumb/v7e-m+fp/hard\libc_nano.a(lib_a-reent.o)
                0x0000000020001bd8                errno
 COMMON         0x0000000020001bdc        0x9 d:/stm32cube-ide/stm32cubeide_1.6.1/stm32cubeide/plugins/com.st.stm32cube.ide.mcu.externaltools.gnu-tools-for-stm32.9-2020-q2-update.win32_1.5.0.202011040924/tools/bin/../lib/gcc/arm-none-eabi/9.3.1/../../../../arm-none-eabi/lib/thumb/v7e-m+fp/hard\libc_nano.a(lib_a-lock.o)
                0x0000000020001bdc                __lock___atexit_recursive_mutex
                0x0000000020001bdd                __lock___arc4random_mutex
                0x0000000020001bde                __lock___env_recursive_mutex
                0x0000000020001bdf                __lock___sinit_recursive_mutex
                0x0000000020001be0                __lock___malloc_recursive_mutex
                0x0000000020001be1                __lock___at_quick_exit_mutex
                0x0000000020001be2                __lock___dd_hash_mutex
                0x0000000020001be3                __lock___tz_mutex
                0x0000000020001be4                __lock___sfp_recursive_mutex
                0x0000000020001be8                . = ALIGN (0x4)
 *fill*         0x0000000020001be5        0x3 
                0x0000000020001be8                _ebss = .
                0x0000000020001be8                __bss_end__ = _ebss

._user_heap_stack
                0x0000000020001be8      0x600 load address 0x0000000008006cd4
                0x0000000020001be8                . = ALIGN (0x8)
                [!provide]                        PROVIDE (end = .)
                0x0000000020001be8                PROVIDE (_end = .)
                0x0000000020001de8                . = (. + _Min_Heap_Size)
 *fill*         0x0000000020001be8      0x200 
                0x00000000200021e8                . = (. + _Min_Stack_Size)
 *fill*         0x0000000020001de8      0x400 
                0x00000000200021e8                . = ALIGN (0x8)

/DISCARD/
 libc.a(*)
 libm.a(*)
 libgcc.a(*)

.ARM.attributes
                0x0000000000000000       0x30
 *(.ARM.attributes)
 .ARM.attributes
                0x0000000000000000       0x1e d:/stm32cube-ide/stm32cubeide_1.6.1/stm32cubeide/plugins/com.st.stm32cube.ide.mcu.externaltools.gnu-tools-for-stm32.9-2020-q2-update.win32_1.5.0.202011040924/tools/bin/../lib/gcc/arm-none-eabi/9.3.1/thumb/v7e-m+fp/hard/crti.o
 .ARM.attributes
                0x000000000000001e       0x34 d:/stm32cube-ide/stm32cubeide_1.6.1/stm32cubeide/plugins/com.st.stm32cube.ide.mcu.externaltools.gnu-tools-for-stm32.9-2020-q2-update.win32_1.5.0.202011040924/tools/bin/../lib/gcc/arm-none-eabi/9.3.1/thumb/v7e-m+fp/hard/crtbegin.o
 .ARM.attributes
                0x0000000000000052       0x34 Core/Src/adc.o
 .ARM.attributes
                0x0000000000000086       0x34 Core/Src/dma.o
 .ARM.attributes
                0x00000000000000ba       0x34 Core/Src/gpio.o
 .ARM.attributes
                0x00000000000000ee       0x34 Core/Src/main.o
 .ARM.attributes
                0x0000000000000122       0x34 Core/Src/stm32f4xx_hal_msp.o
 .ARM.attributes
                0x0000000000000156       0x34 Core/Src/stm32f4xx_it.o
 .ARM.attributes
                0x000000000000018a       0x34 Core/Src/sysmem.o
 .ARM.attributes
                0x00000000000001be       0x34 Core/Src/system_stm32f4xx.o
 .ARM.attributes
                0x00000000000001f2       0x34 Core/Src/tim.o
 .ARM.attributes
                0x0000000000000226       0x34 Core/Src/usart.o
 .ARM.attributes
                0x000000000000025a       0x21 Core/Startup/startup_stm32f407vgtx.o
 .ARM.attributes
                0x000000000000027b       0x34 Core/bsp_ad9833/ad9833.o
 .ARM.attributes
                0x00000000000002af       0x34 Core/bsp_hmi/hmi.o
 .ARM.attributes
                0x00000000000002e3       0x34 Drivers/STM32F4xx_HAL_Driver/Src/stm32f4xx_hal.o
 .ARM.attributes
                0x0000000000000317       0x34 Drivers/STM32F4xx_HAL_Driver/Src/stm32f4xx_hal_adc.o
 .ARM.attributes
                0x000000000000034b       0x34 Drivers/STM32F4xx_HAL_Driver/Src/stm32f4xx_hal_cortex.o
 .ARM.attributes
                0x000000000000037f       0x34 Drivers/STM32F4xx_HAL_Driver/Src/stm32f4xx_hal_dma.o
 .ARM.attributes
                0x00000000000003b3       0x34 Drivers/STM32F4xx_HAL_Driver/Src/stm32f4xx_hal_gpio.o
 .ARM.attributes
                0x00000000000003e7       0x34 Drivers/STM32F4xx_HAL_Driver/Src/stm32f4xx_hal_rcc.o
 .ARM.attributes
                0x000000000000041b       0x34 Drivers/STM32F4xx_HAL_Driver/Src/stm32f4xx_hal_tim.o
 .ARM.attributes
                0x000000000000044f       0x34 Drivers/STM32F4xx_HAL_Driver/Src/stm32f4xx_hal_tim_ex.o
 .ARM.attributes
                0x0000000000000483       0x34 Drivers/STM32F4xx_HAL_Driver/Src/stm32f4xx_hal_uart.o
 .ARM.attributes
                0x00000000000004b7       0x34 d:/stm32cube-ide/stm32cubeide_1.6.1/stm32cubeide/plugins/com.st.stm32cube.ide.mcu.externaltools.gnu-tools-for-stm32.9-2020-q2-update.win32_1.5.0.202011040924/tools/bin/../lib/gcc/arm-none-eabi/9.3.1/../../../../arm-none-eabi/lib/thumb/v7e-m+fp/hard\libc_nano.a(lib_a-errno.o)
 .ARM.attributes
                0x00000000000004eb       0x32 d:/stm32cube-ide/stm32cubeide_1.6.1/stm32cubeide/plugins/com.st.stm32cube.ide.mcu.externaltools.gnu-tools-for-stm32.9-2020-q2-update.win32_1.5.0.202011040924/tools/bin/../lib/gcc/arm-none-eabi/9.3.1/../../../../arm-none-eabi/lib/thumb/v7e-m+fp/hard\libc_nano.a(lib_a-impure.o)
 .ARM.attributes
                0x000000000000051d       0x34 d:/stm32cube-ide/stm32cubeide_1.6.1/stm32cubeide/plugins/com.st.stm32cube.ide.mcu.externaltools.gnu-tools-for-stm32.9-2020-q2-update.win32_1.5.0.202011040924/tools/bin/../lib/gcc/arm-none-eabi/9.3.1/../../../../arm-none-eabi/lib/thumb/v7e-m+fp/hard\libc_nano.a(lib_a-init.o)
 .ARM.attributes
                0x0000000000000551       0x34 d:/stm32cube-ide/stm32cubeide_1.6.1/stm32cubeide/plugins/com.st.stm32cube.ide.mcu.externaltools.gnu-tools-for-stm32.9-2020-q2-update.win32_1.5.0.202011040924/tools/bin/../lib/gcc/arm-none-eabi/9.3.1/../../../../arm-none-eabi/lib/thumb/v7e-m+fp/hard\libc_nano.a(lib_a-memset.o)
 .ARM.attributes
                0x0000000000000585       0x34 d:/stm32cube-ide/stm32cubeide_1.6.1/stm32cubeide/plugins/com.st.stm32cube.ide.mcu.externaltools.gnu-tools-for-stm32.9-2020-q2-update.win32_1.5.0.202011040924/tools/bin/../lib/gcc/arm-none-eabi/9.3.1/../../../../arm-none-eabi/lib/thumb/v7e-m+fp/hard\libc_nano.a(lib_a-sprintf.o)
 .ARM.attributes
                0x00000000000005b9       0x34 d:/stm32cube-ide/stm32cubeide_1.6.1/stm32cubeide/plugins/com.st.stm32cube.ide.mcu.externaltools.gnu-tools-for-stm32.9-2020-q2-update.win32_1.5.0.202011040924/tools/bin/../lib/gcc/arm-none-eabi/9.3.1/../../../../arm-none-eabi/lib/thumb/v7e-m+fp/hard\libc_nano.a(lib_a-vsprintf.o)
 .ARM.attributes
                0x00000000000005ed       0x34 d:/stm32cube-ide/stm32cubeide_1.6.1/stm32cubeide/plugins/com.st.stm32cube.ide.mcu.externaltools.gnu-tools-for-stm32.9-2020-q2-update.win32_1.5.0.202011040924/tools/bin/../lib/gcc/arm-none-eabi/9.3.1/../../../../arm-none-eabi/lib/thumb/v7e-m+fp/hard\libc_nano.a(lib_a-nano-svfprintf.o)
 .ARM.attributes
                0x0000000000000621       0x34 d:/stm32cube-ide/stm32cubeide_1.6.1/stm32cubeide/plugins/com.st.stm32cube.ide.mcu.externaltools.gnu-tools-for-stm32.9-2020-q2-update.win32_1.5.0.202011040924/tools/bin/../lib/gcc/arm-none-eabi/9.3.1/../../../../arm-none-eabi/lib/thumb/v7e-m+fp/hard\libc_nano.a(lib_a-nano-vfprintf_i.o)
 .ARM.attributes
                0x0000000000000655       0x1c d:/stm32cube-ide/stm32cubeide_1.6.1/stm32cubeide/plugins/com.st.stm32cube.ide.mcu.externaltools.gnu-tools-for-stm32.9-2020-q2-update.win32_1.5.0.202011040924/tools/bin/../lib/gcc/arm-none-eabi/9.3.1/../../../../arm-none-eabi/lib/thumb/v7e-m+fp/hard\libc_nano.a(lib_a-memchr.o)
 .ARM.attributes
                0x0000000000000671       0x34 d:/stm32cube-ide/stm32cubeide_1.6.1/stm32cubeide/plugins/com.st.stm32cube.ide.mcu.externaltools.gnu-tools-for-stm32.9-2020-q2-update.win32_1.5.0.202011040924/tools/bin/../lib/gcc/arm-none-eabi/9.3.1/../../../../arm-none-eabi/lib/thumb/v7e-m+fp/hard\libc_nano.a(lib_a-memcpy-stub.o)
 .ARM.attributes
                0x00000000000006a5       0x34 d:/stm32cube-ide/stm32cubeide_1.6.1/stm32cubeide/plugins/com.st.stm32cube.ide.mcu.externaltools.gnu-tools-for-stm32.9-2020-q2-update.win32_1.5.0.202011040924/tools/bin/../lib/gcc/arm-none-eabi/9.3.1/../../../../arm-none-eabi/lib/thumb/v7e-m+fp/hard\libc_nano.a(lib_a-memmove.o)
 .ARM.attributes
                0x00000000000006d9       0x34 d:/stm32cube-ide/stm32cubeide_1.6.1/stm32cubeide/plugins/com.st.stm32cube.ide.mcu.externaltools.gnu-tools-for-stm32.9-2020-q2-update.win32_1.5.0.202011040924/tools/bin/../lib/gcc/arm-none-eabi/9.3.1/../../../../arm-none-eabi/lib/thumb/v7e-m+fp/hard\libc_nano.a(lib_a-nano-freer.o)
 .ARM.attributes
                0x000000000000070d       0x34 d:/stm32cube-ide/stm32cubeide_1.6.1/stm32cubeide/plugins/com.st.stm32cube.ide.mcu.externaltools.gnu-tools-for-stm32.9-2020-q2-update.win32_1.5.0.202011040924/tools/bin/../lib/gcc/arm-none-eabi/9.3.1/../../../../arm-none-eabi/lib/thumb/v7e-m+fp/hard\libc_nano.a(lib_a-nano-mallocr.o)
 .ARM.attributes
                0x0000000000000741       0x34 d:/stm32cube-ide/stm32cubeide_1.6.1/stm32cubeide/plugins/com.st.stm32cube.ide.mcu.externaltools.gnu-tools-for-stm32.9-2020-q2-update.win32_1.5.0.202011040924/tools/bin/../lib/gcc/arm-none-eabi/9.3.1/../../../../arm-none-eabi/lib/thumb/v7e-m+fp/hard\libc_nano.a(lib_a-nano-reallocr.o)
 .ARM.attributes
                0x0000000000000775       0x34 d:/stm32cube-ide/stm32cubeide_1.6.1/stm32cubeide/plugins/com.st.stm32cube.ide.mcu.externaltools.gnu-tools-for-stm32.9-2020-q2-update.win32_1.5.0.202011040924/tools/bin/../lib/gcc/arm-none-eabi/9.3.1/../../../../arm-none-eabi/lib/thumb/v7e-m+fp/hard\libc_nano.a(lib_a-sbrkr.o)
 .ARM.attributes
                0x00000000000007a9       0x34 d:/stm32cube-ide/stm32cubeide_1.6.1/stm32cubeide/plugins/com.st.stm32cube.ide.mcu.externaltools.gnu-tools-for-stm32.9-2020-q2-update.win32_1.5.0.202011040924/tools/bin/../lib/gcc/arm-none-eabi/9.3.1/../../../../arm-none-eabi/lib/thumb/v7e-m+fp/hard\libc_nano.a(lib_a-mlock.o)
 .ARM.attributes
                0x00000000000007dd       0x34 d:/stm32cube-ide/stm32cubeide_1.6.1/stm32cubeide/plugins/com.st.stm32cube.ide.mcu.externaltools.gnu-tools-for-stm32.9-2020-q2-update.win32_1.5.0.202011040924/tools/bin/../lib/gcc/arm-none-eabi/9.3.1/../../../../arm-none-eabi/lib/thumb/v7e-m+fp/hard\libc_nano.a(lib_a-nano-msizer.o)
 .ARM.attributes
                0x0000000000000811       0x34 d:/stm32cube-ide/stm32cubeide_1.6.1/stm32cubeide/plugins/com.st.stm32cube.ide.mcu.externaltools.gnu-tools-for-stm32.9-2020-q2-update.win32_1.5.0.202011040924/tools/bin/../lib/gcc/arm-none-eabi/9.3.1/../../../../arm-none-eabi/lib/thumb/v7e-m+fp/hard\libc_nano.a(lib_a-reent.o)
 .ARM.attributes
                0x0000000000000845       0x34 d:/stm32cube-ide/stm32cubeide_1.6.1/stm32cubeide/plugins/com.st.stm32cube.ide.mcu.externaltools.gnu-tools-for-stm32.9-2020-q2-update.win32_1.5.0.202011040924/tools/bin/../lib/gcc/arm-none-eabi/9.3.1/../../../../arm-none-eabi/lib/thumb/v7e-m+fp/hard\libc_nano.a(lib_a-lock.o)
 .ARM.attributes
                0x0000000000000879       0x34 d:/stm32cube-ide/stm32cubeide_1.6.1/stm32cubeide/plugins/com.st.stm32cube.ide.mcu.externaltools.gnu-tools-for-stm32.9-2020-q2-update.win32_1.5.0.202011040924/tools/bin/../lib/gcc/arm-none-eabi/9.3.1/../../../../arm-none-eabi/lib/thumb/v7e-m+fp/hard\libm.a(lib_a-s_ceil.o)
 .ARM.attributes
                0x00000000000008ad       0x1e d:/stm32cube-ide/stm32cubeide_1.6.1/stm32cubeide/plugins/com.st.stm32cube.ide.mcu.externaltools.gnu-tools-for-stm32.9-2020-q2-update.win32_1.5.0.202011040924/tools/bin/../lib/gcc/arm-none-eabi/9.3.1/thumb/v7e-m+fp/hard\libgcc.a(_arm_addsubdf3.o)
 .ARM.attributes
                0x00000000000008cb       0x1e d:/stm32cube-ide/stm32cubeide_1.6.1/stm32cubeide/plugins/com.st.stm32cube.ide.mcu.externaltools.gnu-tools-for-stm32.9-2020-q2-update.win32_1.5.0.202011040924/tools/bin/../lib/gcc/arm-none-eabi/9.3.1/thumb/v7e-m+fp/hard\libgcc.a(_arm_muldivdf3.o)
 .ARM.attributes
                0x00000000000008e9       0x1e d:/stm32cube-ide/stm32cubeide_1.6.1/stm32cubeide/plugins/com.st.stm32cube.ide.mcu.externaltools.gnu-tools-for-stm32.9-2020-q2-update.win32_1.5.0.202011040924/tools/bin/../lib/gcc/arm-none-eabi/9.3.1/thumb/v7e-m+fp/hard\libgcc.a(_arm_cmpdf2.o)
 .ARM.attributes
                0x0000000000000907       0x1e d:/stm32cube-ide/stm32cubeide_1.6.1/stm32cubeide/plugins/com.st.stm32cube.ide.mcu.externaltools.gnu-tools-for-stm32.9-2020-q2-update.win32_1.5.0.202011040924/tools/bin/../lib/gcc/arm-none-eabi/9.3.1/thumb/v7e-m+fp/hard\libgcc.a(_arm_fixdfsi.o)
 .ARM.attributes
                0x0000000000000925       0x1e d:/stm32cube-ide/stm32cubeide_1.6.1/stm32cubeide/plugins/com.st.stm32cube.ide.mcu.externaltools.gnu-tools-for-stm32.9-2020-q2-update.win32_1.5.0.202011040924/tools/bin/../lib/gcc/arm-none-eabi/9.3.1/thumb/v7e-m+fp/hard\libgcc.a(_aeabi_uldivmod.o)
 .ARM.attributes
                0x0000000000000943       0x34 d:/stm32cube-ide/stm32cubeide_1.6.1/stm32cubeide/plugins/com.st.stm32cube.ide.mcu.externaltools.gnu-tools-for-stm32.9-2020-q2-update.win32_1.5.0.202011040924/tools/bin/../lib/gcc/arm-none-eabi/9.3.1/thumb/v7e-m+fp/hard\libgcc.a(_udivmoddi4.o)
 .ARM.attributes
                0x0000000000000977       0x1e d:/stm32cube-ide/stm32cubeide_1.6.1/stm32cubeide/plugins/com.st.stm32cube.ide.mcu.externaltools.gnu-tools-for-stm32.9-2020-q2-update.win32_1.5.0.202011040924/tools/bin/../lib/gcc/arm-none-eabi/9.3.1/thumb/v7e-m+fp/hard\libgcc.a(_dvmd_tls.o)
 .ARM.attributes
                0x0000000000000995       0x1e d:/stm32cube-ide/stm32cubeide_1.6.1/stm32cubeide/plugins/com.st.stm32cube.ide.mcu.externaltools.gnu-tools-for-stm32.9-2020-q2-update.win32_1.5.0.202011040924/tools/bin/../lib/gcc/arm-none-eabi/9.3.1/thumb/v7e-m+fp/hard/crtn.o
OUTPUT(F407-2019DCopy.elf elf32-littlearm)
LOAD linker stubs
LOAD d:/stm32cube-ide/stm32cubeide_1.6.1/stm32cubeide/plugins/com.st.stm32cube.ide.mcu.externaltools.gnu-tools-for-stm32.9-2020-q2-update.win32_1.5.0.202011040924/tools/bin/../lib/gcc/arm-none-eabi/9.3.1/../../../../arm-none-eabi/lib/thumb/v7e-m+fp/hard\libc.a
LOAD d:/stm32cube-ide/stm32cubeide_1.6.1/stm32cubeide/plugins/com.st.stm32cube.ide.mcu.externaltools.gnu-tools-for-stm32.9-2020-q2-update.win32_1.5.0.202011040924/tools/bin/../lib/gcc/arm-none-eabi/9.3.1/../../../../arm-none-eabi/lib/thumb/v7e-m+fp/hard\libm.a
LOAD d:/stm32cube-ide/stm32cubeide_1.6.1/stm32cubeide/plugins/com.st.stm32cube.ide.mcu.externaltools.gnu-tools-for-stm32.9-2020-q2-update.win32_1.5.0.202011040924/tools/bin/../lib/gcc/arm-none-eabi/9.3.1/thumb/v7e-m+fp/hard\libgcc.a

.debug_info     0x0000000000000000    0x116bd
 .debug_info    0x0000000000000000      0xbbc Core/Src/adc.o
 .debug_info    0x0000000000000bbc      0x59c Core/Src/dma.o
 .debug_info    0x0000000000001158      0x52f Core/Src/gpio.o
 .debug_info    0x0000000000001687     0x1e6a Core/Src/main.o
 .debug_info    0x00000000000034f1      0x394 Core/Src/stm32f4xx_hal_msp.o
 .debug_info    0x0000000000003885      0x767 Core/Src/stm32f4xx_it.o
 .debug_info    0x0000000000003fec      0xa25 Core/Src/sysmem.o
 .debug_info    0x0000000000004a11      0x5a4 Core/Src/system_stm32f4xx.o
 .debug_info    0x0000000000004fb5      0xa63 Core/Src/tim.o
 .debug_info    0x0000000000005a18      0xc8f Core/Src/usart.o
 .debug_info    0x00000000000066a7       0x22 Core/Startup/startup_stm32f407vgtx.o
 .debug_info    0x00000000000066c9      0x80e Core/bsp_ad9833/ad9833.o
 .debug_info    0x0000000000006ed7      0xfc5 Core/bsp_hmi/hmi.o
 .debug_info    0x0000000000007e9c      0x9b2 Drivers/STM32F4xx_HAL_Driver/Src/stm32f4xx_hal.o
 .debug_info    0x000000000000884e      0xdbc Drivers/STM32F4xx_HAL_Driver/Src/stm32f4xx_hal_adc.o
 .debug_info    0x000000000000960a      0xed7 Drivers/STM32F4xx_HAL_Driver/Src/stm32f4xx_hal_cortex.o
 .debug_info    0x000000000000a4e1      0x9f1 Drivers/STM32F4xx_HAL_Driver/Src/stm32f4xx_hal_dma.o
 .debug_info    0x000000000000aed2      0x83e Drivers/STM32F4xx_HAL_Driver/Src/stm32f4xx_hal_gpio.o
 .debug_info    0x000000000000b710      0x996 Drivers/STM32F4xx_HAL_Driver/Src/stm32f4xx_hal_rcc.o
 .debug_info    0x000000000000c0a6     0x2a90 Drivers/STM32F4xx_HAL_Driver/Src/stm32f4xx_hal_tim.o
 .debug_info    0x000000000000eb36     0x1522 Drivers/STM32F4xx_HAL_Driver/Src/stm32f4xx_hal_tim_ex.o
 .debug_info    0x0000000000010058     0x1665 Drivers/STM32F4xx_HAL_Driver/Src/stm32f4xx_hal_uart.o

.debug_abbrev   0x0000000000000000     0x2a4d
 .debug_abbrev  0x0000000000000000      0x20c Core/Src/adc.o
 .debug_abbrev  0x000000000000020c      0x11b Core/Src/dma.o
 .debug_abbrev  0x0000000000000327      0x14e Core/Src/gpio.o
 .debug_abbrev  0x0000000000000475      0x3a9 Core/Src/main.o
 .debug_abbrev  0x000000000000081e      0x11d Core/Src/stm32f4xx_hal_msp.o
 .debug_abbrev  0x000000000000093b      0x163 Core/Src/stm32f4xx_it.o
 .debug_abbrev  0x0000000000000a9e      0x1bf Core/Src/sysmem.o
 .debug_abbrev  0x0000000000000c5d      0x145 Core/Src/system_stm32f4xx.o
 .debug_abbrev  0x0000000000000da2      0x1b2 Core/Src/tim.o
 .debug_abbrev  0x0000000000000f54      0x1c4 Core/Src/usart.o
 .debug_abbrev  0x0000000000001118       0x12 Core/Startup/startup_stm32f407vgtx.o
 .debug_abbrev  0x000000000000112a      0x198 Core/bsp_ad9833/ad9833.o
 .debug_abbrev  0x00000000000012c2      0x225 Core/bsp_hmi/hmi.o
 .debug_abbrev  0x00000000000014e7      0x1ed Drivers/STM32F4xx_HAL_Driver/Src/stm32f4xx_hal.o
 .debug_abbrev  0x00000000000016d4      0x22f Drivers/STM32F4xx_HAL_Driver/Src/stm32f4xx_hal_adc.o
 .debug_abbrev  0x0000000000001903      0x33c Drivers/STM32F4xx_HAL_Driver/Src/stm32f4xx_hal_cortex.o
 .debug_abbrev  0x0000000000001c3f      0x259 Drivers/STM32F4xx_HAL_Driver/Src/stm32f4xx_hal_dma.o
 .debug_abbrev  0x0000000000001e98      0x1f1 Drivers/STM32F4xx_HAL_Driver/Src/stm32f4xx_hal_gpio.o
 .debug_abbrev  0x0000000000002089      0x275 Drivers/STM32F4xx_HAL_Driver/Src/stm32f4xx_hal_rcc.o
 .debug_abbrev  0x00000000000022fe      0x25e Drivers/STM32F4xx_HAL_Driver/Src/stm32f4xx_hal_tim.o
 .debug_abbrev  0x000000000000255c      0x266 Drivers/STM32F4xx_HAL_Driver/Src/stm32f4xx_hal_tim_ex.o
 .debug_abbrev  0x00000000000027c2      0x28b Drivers/STM32F4xx_HAL_Driver/Src/stm32f4xx_hal_uart.o

.debug_aranges  0x0000000000000000      0xe68
 .debug_aranges
                0x0000000000000000       0x40 Core/Src/adc.o
 .debug_aranges
                0x0000000000000040       0x20 Core/Src/dma.o
 .debug_aranges
                0x0000000000000060       0x20 Core/Src/gpio.o
 .debug_aranges
                0x0000000000000080       0x90 Core/Src/main.o
 .debug_aranges
                0x0000000000000110       0x20 Core/Src/stm32f4xx_hal_msp.o
 .debug_aranges
                0x0000000000000130       0x80 Core/Src/stm32f4xx_it.o
 .debug_aranges
                0x00000000000001b0       0x20 Core/Src/sysmem.o
 .debug_aranges
                0x00000000000001d0       0x28 Core/Src/system_stm32f4xx.o
 .debug_aranges
                0x00000000000001f8       0x30 Core/Src/tim.o
 .debug_aranges
                0x0000000000000228       0x38 Core/Src/usart.o
 .debug_aranges
                0x0000000000000260       0x28 Core/Startup/startup_stm32f407vgtx.o
 .debug_aranges
                0x0000000000000288       0x28 Core/bsp_ad9833/ad9833.o
 .debug_aranges
                0x00000000000002b0       0x20 Core/bsp_hmi/hmi.o
 .debug_aranges
                0x00000000000002d0       0xf0 Drivers/STM32F4xx_HAL_Driver/Src/stm32f4xx_hal.o
 .debug_aranges
                0x00000000000003c0       0xe8 Drivers/STM32F4xx_HAL_Driver/Src/stm32f4xx_hal_adc.o
 .debug_aranges
                0x00000000000004a8      0x118 Drivers/STM32F4xx_HAL_Driver/Src/stm32f4xx_hal_cortex.o
 .debug_aranges
                0x00000000000005c0       0x90 Drivers/STM32F4xx_HAL_Driver/Src/stm32f4xx_hal_dma.o
 .debug_aranges
                0x0000000000000650       0x58 Drivers/STM32F4xx_HAL_Driver/Src/stm32f4xx_hal_gpio.o
 .debug_aranges
                0x00000000000006a8       0x88 Drivers/STM32F4xx_HAL_Driver/Src/stm32f4xx_hal_rcc.o
 .debug_aranges
                0x0000000000000730      0x3d0 Drivers/STM32F4xx_HAL_Driver/Src/stm32f4xx_hal_tim.o
 .debug_aranges
                0x0000000000000b00      0x168 Drivers/STM32F4xx_HAL_Driver/Src/stm32f4xx_hal_tim_ex.o
 .debug_aranges
                0x0000000000000c68      0x200 Drivers/STM32F4xx_HAL_Driver/Src/stm32f4xx_hal_uart.o

.debug_ranges   0x0000000000000000      0xd40
 .debug_ranges  0x0000000000000000       0x30 Core/Src/adc.o
 .debug_ranges  0x0000000000000030       0x10 Core/Src/dma.o
 .debug_ranges  0x0000000000000040       0x10 Core/Src/gpio.o
 .debug_ranges  0x0000000000000050       0x80 Core/Src/main.o
 .debug_ranges  0x00000000000000d0       0x10 Core/Src/stm32f4xx_hal_msp.o
 .debug_ranges  0x00000000000000e0       0x70 Core/Src/stm32f4xx_it.o
 .debug_ranges  0x0000000000000150       0x10 Core/Src/sysmem.o
 .debug_ranges  0x0000000000000160       0x18 Core/Src/system_stm32f4xx.o
 .debug_ranges  0x0000000000000178       0x20 Core/Src/tim.o
 .debug_ranges  0x0000000000000198       0x28 Core/Src/usart.o
 .debug_ranges  0x00000000000001c0       0x20 Core/Startup/startup_stm32f407vgtx.o
 .debug_ranges  0x00000000000001e0       0x18 Core/bsp_ad9833/ad9833.o
 .debug_ranges  0x00000000000001f8       0x10 Core/bsp_hmi/hmi.o
 .debug_ranges  0x0000000000000208       0xe0 Drivers/STM32F4xx_HAL_Driver/Src/stm32f4xx_hal.o
 .debug_ranges  0x00000000000002e8       0xd8 Drivers/STM32F4xx_HAL_Driver/Src/stm32f4xx_hal_adc.o
 .debug_ranges  0x00000000000003c0      0x108 Drivers/STM32F4xx_HAL_Driver/Src/stm32f4xx_hal_cortex.o
 .debug_ranges  0x00000000000004c8       0x80 Drivers/STM32F4xx_HAL_Driver/Src/stm32f4xx_hal_dma.o
 .debug_ranges  0x0000000000000548       0x48 Drivers/STM32F4xx_HAL_Driver/Src/stm32f4xx_hal_gpio.o
 .debug_ranges  0x0000000000000590       0x78 Drivers/STM32F4xx_HAL_Driver/Src/stm32f4xx_hal_rcc.o
 .debug_ranges  0x0000000000000608      0x3c0 Drivers/STM32F4xx_HAL_Driver/Src/stm32f4xx_hal_tim.o
 .debug_ranges  0x00000000000009c8      0x158 Drivers/STM32F4xx_HAL_Driver/Src/stm32f4xx_hal_tim_ex.o
 .debug_ranges  0x0000000000000b20      0x220 Drivers/STM32F4xx_HAL_Driver/Src/stm32f4xx_hal_uart.o

.debug_macro    0x0000000000000000    0x23b80
 .debug_macro   0x0000000000000000      0x20f Core/Src/adc.o
 .debug_macro   0x000000000000020f      0xaa8 Core/Src/adc.o
 .debug_macro   0x0000000000000cb7      0x2a1 Core/Src/adc.o
 .debug_macro   0x0000000000000f58       0x2e Core/Src/adc.o
 .debug_macro   0x0000000000000f86       0x2f Core/Src/adc.o
 .debug_macro   0x0000000000000fb5       0x22 Core/Src/adc.o
 .debug_macro   0x0000000000000fd7       0x8e Core/Src/adc.o
 .debug_macro   0x0000000000001065       0x51 Core/Src/adc.o
 .debug_macro   0x00000000000010b6      0x103 Core/Src/adc.o
 .debug_macro   0x00000000000011b9       0x6a Core/Src/adc.o
 .debug_macro   0x0000000000001223      0x1df Core/Src/adc.o
 .debug_macro   0x0000000000001402       0x1c Core/Src/adc.o
 .debug_macro   0x000000000000141e       0x22 Core/Src/adc.o
 .debug_macro   0x0000000000001440       0xdf Core/Src/adc.o
 .debug_macro   0x000000000000151f     0x102d Core/Src/adc.o
 .debug_macro   0x000000000000254c      0x11f Core/Src/adc.o
 .debug_macro   0x000000000000266b    0x15e3c Core/Src/adc.o
 .debug_macro   0x00000000000184a7       0x43 Core/Src/adc.o
 .debug_macro   0x00000000000184ea     0x3659 Core/Src/adc.o
 .debug_macro   0x000000000001bb43      0x174 Core/Src/adc.o
 .debug_macro   0x000000000001bcb7       0x5c Core/Src/adc.o
 .debug_macro   0x000000000001bd13      0x96b Core/Src/adc.o
 .debug_macro   0x000000000001c67e      0x9fe Core/Src/adc.o
 .debug_macro   0x000000000001d07c      0x117 Core/Src/adc.o
 .debug_macro   0x000000000001d193      0x13e Core/Src/adc.o
 .debug_macro   0x000000000001d2d1       0x82 Core/Src/adc.o
 .debug_macro   0x000000000001d353      0x174 Core/Src/adc.o
 .debug_macro   0x000000000001d4c7      0x287 Core/Src/adc.o
 .debug_macro   0x000000000001d74e       0x5f Core/Src/adc.o
 .debug_macro   0x000000000001d7ad      0x236 Core/Src/adc.o
 .debug_macro   0x000000000001d9e3      0xb5b Core/Src/adc.o
 .debug_macro   0x000000000001e53e      0x38b Core/Src/adc.o
 .debug_macro   0x000000000001e8c9      0x176 Core/Src/adc.o
 .debug_macro   0x000000000001ea3f       0xf9 Core/Src/adc.o
 .debug_macro   0x000000000001eb38      0x12c Core/Src/adc.o
 .debug_macro   0x000000000001ec64      0x21e Core/Src/adc.o
 .debug_macro   0x000000000001ee82       0x2e Core/Src/adc.o
 .debug_macro   0x000000000001eeb0      0x11a Core/Src/adc.o
 .debug_macro   0x000000000001efca       0x7e Core/Src/adc.o
 .debug_macro   0x000000000001f048       0x89 Core/Src/adc.o
 .debug_macro   0x000000000001f0d1      0x8d1 Core/Src/adc.o
 .debug_macro   0x000000000001f9a2       0x47 Core/Src/adc.o
 .debug_macro   0x000000000001f9e9      0x295 Core/Src/adc.o
 .debug_macro   0x000000000001fc7e      0x12d Core/Src/adc.o
 .debug_macro   0x000000000001fdab       0x58 Core/Src/adc.o
 .debug_macro   0x000000000001fe03      0x20f Core/Src/dma.o
 .debug_macro   0x0000000000020012      0x20f Core/Src/gpio.o
 .debug_macro   0x0000000000020221      0x403 Core/Src/main.o
 .debug_macro   0x0000000000020624       0x40 Core/Src/main.o
 .debug_macro   0x0000000000020664       0x52 Core/Src/main.o
 .debug_macro   0x00000000000206b6       0x18 Core/Src/main.o
 .debug_macro   0x00000000000206ce       0x3c Core/Src/main.o
 .debug_macro   0x000000000002070a       0x34 Core/Src/main.o
 .debug_macro   0x000000000002073e       0x16 Core/Src/main.o
 .debug_macro   0x0000000000020754       0x35 Core/Src/main.o
 .debug_macro   0x0000000000020789      0x333 Core/Src/main.o
 .debug_macro   0x0000000000020abc       0x10 Core/Src/main.o
 .debug_macro   0x0000000000020acc       0x16 Core/Src/main.o
 .debug_macro   0x0000000000020ae2       0x43 Core/Src/main.o
 .debug_macro   0x0000000000020b25       0x34 Core/Src/main.o
 .debug_macro   0x0000000000020b59       0x10 Core/Src/main.o
 .debug_macro   0x0000000000020b69       0x58 Core/Src/main.o
 .debug_macro   0x0000000000020bc1       0x71 Core/Src/main.o
 .debug_macro   0x0000000000020c32       0x1c Core/Src/main.o
 .debug_macro   0x0000000000020c4e      0x12a Core/Src/main.o
 .debug_macro   0x0000000000020d78       0x10 Core/Src/main.o
 .debug_macro   0x0000000000020d88       0x1c Core/Src/main.o
 .debug_macro   0x0000000000020da4       0x52 Core/Src/main.o
 .debug_macro   0x0000000000020df6       0x22 Core/Src/main.o
 .debug_macro   0x0000000000020e18       0x10 Core/Src/main.o
 .debug_macro   0x0000000000020e28       0x40 Core/Src/main.o
 .debug_macro   0x0000000000020e68       0xd5 Core/Src/main.o
 .debug_macro   0x0000000000020f3d       0x1c Core/Src/main.o
 .debug_macro   0x0000000000020f59       0x3d Core/Src/main.o
 .debug_macro   0x0000000000020f96       0x16 Core/Src/main.o
 .debug_macro   0x0000000000020fac      0x145 Core/Src/main.o
 .debug_macro   0x00000000000210f1       0x4c Core/Src/main.o
 .debug_macro   0x000000000002113d       0x16 Core/Src/main.o
 .debug_macro   0x0000000000021153       0x16 Core/Src/main.o
 .debug_macro   0x0000000000021169       0x29 Core/Src/main.o
 .debug_macro   0x0000000000021192      0x1a9 Core/Src/main.o
 .debug_macro   0x000000000002133b      0x205 Core/Src/stm32f4xx_hal_msp.o
 .debug_macro   0x0000000000021540      0x20f Core/Src/stm32f4xx_it.o
 .debug_macro   0x000000000002174f       0xff Core/Src/sysmem.o
 .debug_macro   0x000000000002184e      0x23b Core/Src/sysmem.o
 .debug_macro   0x0000000000021a89      0x1f6 Core/Src/system_stm32f4xx.o
 .debug_macro   0x0000000000021c7f      0x20f Core/Src/tim.o
 .debug_macro   0x0000000000021e8e      0x20f Core/Src/usart.o
 .debug_macro   0x000000000002209d      0x22c Core/bsp_ad9833/ad9833.o
 .debug_macro   0x00000000000222c9       0x3a Core/bsp_ad9833/ad9833.o
 .debug_macro   0x0000000000022303      0x381 Core/bsp_hmi/hmi.o
 .debug_macro   0x0000000000022684       0x97 Core/bsp_hmi/hmi.o
 .debug_macro   0x000000000002271b       0xfd Core/bsp_hmi/hmi.o
 .debug_macro   0x0000000000022818       0xd9 Core/bsp_hmi/hmi.o
 .debug_macro   0x00000000000228f1       0x56 Core/bsp_hmi/hmi.o
 .debug_macro   0x0000000000022947      0x256 Drivers/STM32F4xx_HAL_Driver/Src/stm32f4xx_hal.o
 .debug_macro   0x0000000000022b9d      0x1f7 Drivers/STM32F4xx_HAL_Driver/Src/stm32f4xx_hal_adc.o
 .debug_macro   0x0000000000022d94      0x1f6 Drivers/STM32F4xx_HAL_Driver/Src/stm32f4xx_hal_cortex.o
 .debug_macro   0x0000000000022f8a      0x1fc Drivers/STM32F4xx_HAL_Driver/Src/stm32f4xx_hal_dma.o
 .debug_macro   0x0000000000023186      0x1fc Drivers/STM32F4xx_HAL_Driver/Src/stm32f4xx_hal_gpio.o
 .debug_macro   0x0000000000023382      0x21a Drivers/STM32F4xx_HAL_Driver/Src/stm32f4xx_hal_rcc.o
 .debug_macro   0x000000000002359c      0x1f7 Drivers/STM32F4xx_HAL_Driver/Src/stm32f4xx_hal_tim.o
 .debug_macro   0x0000000000023793      0x1f6 Drivers/STM32F4xx_HAL_Driver/Src/stm32f4xx_hal_tim_ex.o
 .debug_macro   0x0000000000023989      0x1f7 Drivers/STM32F4xx_HAL_Driver/Src/stm32f4xx_hal_uart.o

.debug_line     0x0000000000000000    0x1255c
 .debug_line    0x0000000000000000      0x936 Core/Src/adc.o
 .debug_line    0x0000000000000936      0x739 Core/Src/dma.o
 .debug_line    0x000000000000106f      0x766 Core/Src/gpio.o
 .debug_line    0x00000000000017d5     0x1204 Core/Src/main.o
 .debug_line    0x00000000000029d9      0x73a Core/Src/stm32f4xx_hal_msp.o
 .debug_line    0x0000000000003113      0x85c Core/Src/stm32f4xx_it.o
 .debug_line    0x000000000000396f      0x52f Core/Src/sysmem.o
 .debug_line    0x0000000000003e9e      0x7bb Core/Src/system_stm32f4xx.o
 .debug_line    0x0000000000004659      0x7a4 Core/Src/tim.o
 .debug_line    0x0000000000004dfd      0x810 Core/Src/usart.o
 .debug_line    0x000000000000560d       0x88 Core/Startup/startup_stm32f407vgtx.o
 .debug_line    0x0000000000005695      0x7fd Core/bsp_ad9833/ad9833.o
 .debug_line    0x0000000000005e92      0x94c Core/bsp_hmi/hmi.o
 .debug_line    0x00000000000067de      0xa21 Drivers/STM32F4xx_HAL_Driver/Src/stm32f4xx_hal.o
 .debug_line    0x00000000000071ff     0x12ab Drivers/STM32F4xx_HAL_Driver/Src/stm32f4xx_hal_adc.o
 .debug_line    0x00000000000084aa      0xcd0 Drivers/STM32F4xx_HAL_Driver/Src/stm32f4xx_hal_cortex.o
 .debug_line    0x000000000000917a      0xf8a Drivers/STM32F4xx_HAL_Driver/Src/stm32f4xx_hal_dma.o
 .debug_line    0x000000000000a104      0xb99 Drivers/STM32F4xx_HAL_Driver/Src/stm32f4xx_hal_gpio.o
 .debug_line    0x000000000000ac9d      0xd9d Drivers/STM32F4xx_HAL_Driver/Src/stm32f4xx_hal_rcc.o
 .debug_line    0x000000000000ba3a     0x364d Drivers/STM32F4xx_HAL_Driver/Src/stm32f4xx_hal_tim.o
 .debug_line    0x000000000000f087     0x19ee Drivers/STM32F4xx_HAL_Driver/Src/stm32f4xx_hal_tim_ex.o
 .debug_line    0x0000000000010a75     0x1ae7 Drivers/STM32F4xx_HAL_Driver/Src/stm32f4xx_hal_uart.o

.debug_str      0x0000000000000000    0xd8672
 .debug_str     0x0000000000000000    0xcf9d5 Core/Src/adc.o
                                      0xcfcda (size before relaxing)
 .debug_str     0x00000000000cf9d5      0x4fa Core/Src/dma.o
                                      0xcfca5 (size before relaxing)
 .debug_str     0x00000000000cfecf       0x48 Core/Src/gpio.o
                                      0xcf857 (size before relaxing)
 .debug_str     0x00000000000cff17     0x52d0 Core/Src/main.o
                                      0xd508b (size before relaxing)
 .debug_str     0x00000000000d51e7       0x2c Core/Src/stm32f4xx_hal_msp.o
                                      0xcf7ba (size before relaxing)
 .debug_str     0x00000000000d5213      0x117 Core/Src/stm32f4xx_it.o
                                      0xcfbfc (size before relaxing)
 .debug_str     0x00000000000d532a      0x4e9 Core/Src/sysmem.o
                                       0x62a1 (size before relaxing)
 .debug_str     0x00000000000d5813       0xaf Core/Src/system_stm32f4xx.o
                                      0xcf653 (size before relaxing)
 .debug_str     0x00000000000d58c2       0xe8 Core/Src/tim.o
                                      0xcfde9 (size before relaxing)
 .debug_str     0x00000000000d59aa       0x6b Core/Src/usart.o
                                      0xd01c5 (size before relaxing)
 .debug_str     0x00000000000d5a15       0x36 Core/Startup/startup_stm32f407vgtx.o
                                         0x72 (size before relaxing)
 .debug_str     0x00000000000d5a4b       0xaa Core/bsp_ad9833/ad9833.o
                                      0xcfd91 (size before relaxing)
 .debug_str     0x00000000000d5af5       0x6a Core/bsp_hmi/hmi.o
                                      0xd3d31 (size before relaxing)
 .debug_str     0x00000000000d5b5f      0x58d Drivers/STM32F4xx_HAL_Driver/Src/stm32f4xx_hal.o
                                      0xd0135 (size before relaxing)
 .debug_str     0x00000000000d60ec      0x284 Drivers/STM32F4xx_HAL_Driver/Src/stm32f4xx_hal_adc.o
                                      0xcfbff (size before relaxing)
 .debug_str     0x00000000000d6370      0x392 Drivers/STM32F4xx_HAL_Driver/Src/stm32f4xx_hal_cortex.o
                                      0xcff24 (size before relaxing)
 .debug_str     0x00000000000d6702      0x31d Drivers/STM32F4xx_HAL_Driver/Src/stm32f4xx_hal_dma.o
                                      0xcfa7d (size before relaxing)
 .debug_str     0x00000000000d6a1f      0x15f Drivers/STM32F4xx_HAL_Driver/Src/stm32f4xx_hal_gpio.o
                                      0xcf7fa (size before relaxing)
 .debug_str     0x00000000000d6b7e      0x259 Drivers/STM32F4xx_HAL_Driver/Src/stm32f4xx_hal_rcc.o
                                      0xcfa55 (size before relaxing)
 .debug_str     0x00000000000d6dd7      0xdd8 Drivers/STM32F4xx_HAL_Driver/Src/stm32f4xx_hal_tim.o
                                      0xd097b (size before relaxing)
 .debug_str     0x00000000000d7baf      0x4ee Drivers/STM32F4xx_HAL_Driver/Src/stm32f4xx_hal_tim_ex.o
                                      0xd012c (size before relaxing)
 .debug_str     0x00000000000d809d      0x5d5 Drivers/STM32F4xx_HAL_Driver/Src/stm32f4xx_hal_uart.o
                                      0xcffb7 (size before relaxing)

.comment        0x0000000000000000       0x53
 .comment       0x0000000000000000       0x53 Core/Src/adc.o
                                         0x54 (size before relaxing)
 .comment       0x0000000000000053       0x54 Core/Src/dma.o
 .comment       0x0000000000000053       0x54 Core/Src/gpio.o
 .comment       0x0000000000000053       0x54 Core/Src/main.o
 .comment       0x0000000000000053       0x54 Core/Src/stm32f4xx_hal_msp.o
 .comment       0x0000000000000053       0x54 Core/Src/stm32f4xx_it.o
 .comment       0x0000000000000053       0x54 Core/Src/sysmem.o
 .comment       0x0000000000000053       0x54 Core/Src/system_stm32f4xx.o
 .comment       0x0000000000000053       0x54 Core/Src/tim.o
 .comment       0x0000000000000053       0x54 Core/Src/usart.o
 .comment       0x0000000000000053       0x54 Core/bsp_ad9833/ad9833.o
 .comment       0x0000000000000053       0x54 Core/bsp_hmi/hmi.o
 .comment       0x0000000000000053       0x54 Drivers/STM32F4xx_HAL_Driver/Src/stm32f4xx_hal.o
 .comment       0x0000000000000053       0x54 Drivers/STM32F4xx_HAL_Driver/Src/stm32f4xx_hal_adc.o
 .comment       0x0000000000000053       0x54 Drivers/STM32F4xx_HAL_Driver/Src/stm32f4xx_hal_cortex.o
 .comment       0x0000000000000053       0x54 Drivers/STM32F4xx_HAL_Driver/Src/stm32f4xx_hal_dma.o
 .comment       0x0000000000000053       0x54 Drivers/STM32F4xx_HAL_Driver/Src/stm32f4xx_hal_gpio.o
 .comment       0x0000000000000053       0x54 Drivers/STM32F4xx_HAL_Driver/Src/stm32f4xx_hal_rcc.o
 .comment       0x0000000000000053       0x54 Drivers/STM32F4xx_HAL_Driver/Src/stm32f4xx_hal_tim.o
 .comment       0x0000000000000053       0x54 Drivers/STM32F4xx_HAL_Driver/Src/stm32f4xx_hal_tim_ex.o
 .comment       0x0000000000000053       0x54 Drivers/STM32F4xx_HAL_Driver/Src/stm32f4xx_hal_uart.o

.debug_frame    0x0000000000000000     0x40d0
 .debug_frame   0x0000000000000000       0xc8 Core/Src/adc.o
 .debug_frame   0x00000000000000c8       0x34 Core/Src/dma.o
 .debug_frame   0x00000000000000fc       0x34 Core/Src/gpio.o
 .debug_frame   0x0000000000000130      0x210 Core/Src/main.o
 .debug_frame   0x0000000000000340       0x38 Core/Src/stm32f4xx_hal_msp.o
 .debug_frame   0x0000000000000378      0x174 Core/Src/stm32f4xx_it.o